Component: ARM Compiler 5.06 update 7 (build 960) Tool: armlink [4d3601]

==============================================================================

Section Cross References

    main.o(i.BSP_Init) refers to power.o(i.Power_Init) for Power_Init
    main.o(i.BSP_Init) refers to led.o(i.LED_Init) for LED_Init
    main.o(i.BSP_Init) refers to can.o(i.CAN12_Init) for CAN12_Init
    main.o(i.BSP_Init) refers to beep.o(i.Beep_Init) for Beep_Init
    main.o(i.BSP_Init) refers to chassis.o(i.Chassis_Init) for Chassis_Init
    main.o(i.BSP_Init) refers to gray.o(i.Gray_Init) for Gray_Init
    main.o(i.BSP_Init) refers to infrared.o(i.Infrared_Init) for Infrared_Init
    main.o(i.BSP_Init) refers to astar.o(i.Astar_Init) for Astar_Init
    main.o(i.BSP_Init) refers to servo.o(i.Servo_Init) for Servo_Init
    main.o(i.Mib_Car) refers to chassis.o(i.Chassis_Stop) for Chassis_Stop
    main.o(i.Mib_Car) refers to stm32f4xx_gpio.o(i.GPIO_ReadInputDataBit) for GPIO_ReadInputDataBit
    main.o(i.Mib_Car) refers to gray.o(i.isUp) for isUp
    main.o(i.Mib_Car) refers to chassis.o(i.SetChassis) for SetChassis
    main.o(i.Mib_Car) refers to delay.o(i.delay_ms) for delay_ms
    main.o(i.Mib_Car) refers to stm32f4xx_tim.o(i.TIM_SetCompare2) for TIM_SetCompare2
    main.o(i.Mib_Car) refers to astar.o(i.update) for update
    main.o(i.Mib_Car) refers to astar.o(i.findWay) for findWay
    main.o(i.Mib_Car) refers to astar.o(i.getNext) for getNext
    main.o(i.Mib_Car) refers to trace.o(i.Move) for Move
    main.o(i.Mib_Car) refers to main.o(.data) for startx
    main.o(i.main) refers to misc.o(i.NVIC_PriorityGroupConfig) for NVIC_PriorityGroupConfig
    main.o(i.main) refers to delay.o(i.delay_init) for delay_init
    main.o(i.main) refers to main.o(i.BSP_Init) for BSP_Init
    main.o(i.main) refers to stm32f4xx_gpio.o(i.GPIO_ReadInputDataBit) for GPIO_ReadInputDataBit
    main.o(i.main) refers to infrared.o(i.inf_isUp) for inf_isUp
    main.o(i.main) refers to delay.o(i.delay_ms) for delay_ms
    main.o(i.main) refers to main.o(i.Mib_Car) for Mib_Car
    system_stm32f4xx.o(i.SystemCoreClockUpdate) refers to system_stm32f4xx.o(.data) for SystemCoreClock
    system_stm32f4xx.o(i.SystemInit) refers to system_stm32f4xx.o(i.SetSysClock) for SetSysClock
    led.o(i.LED_Init) refers to stm32f4xx_rcc.o(i.RCC_AHB1PeriphClockCmd) for RCC_AHB1PeriphClockCmd
    led.o(i.LED_Init) refers to stm32f4xx_gpio.o(i.GPIO_Init) for GPIO_Init
    led.o(i.LED_Init) refers to stm32f4xx_gpio.o(i.GPIO_ResetBits) for GPIO_ResetBits
    led.o(i.LED_Run) refers to stm32f4xx_gpio.o(i.GPIO_ToggleBits) for GPIO_ToggleBits
    can.o(i.CAN12_Init) refers to can.o(i.CAN1_Init) for CAN1_Init
    can.o(i.CAN12_Init) refers to can.o(i.CAN2_Init) for CAN2_Init
    can.o(i.CAN1_Init) refers to stm32f4xx_rcc.o(i.RCC_AHB1PeriphClockCmd) for RCC_AHB1PeriphClockCmd
    can.o(i.CAN1_Init) refers to stm32f4xx_rcc.o(i.RCC_APB1PeriphClockCmd) for RCC_APB1PeriphClockCmd
    can.o(i.CAN1_Init) refers to stm32f4xx_gpio.o(i.GPIO_PinAFConfig) for GPIO_PinAFConfig
    can.o(i.CAN1_Init) refers to stm32f4xx_gpio.o(i.GPIO_Init) for GPIO_Init
    can.o(i.CAN1_Init) refers to misc.o(i.NVIC_Init) for NVIC_Init
    can.o(i.CAN1_Init) refers to stm32f4xx_can.o(i.CAN_DeInit) for CAN_DeInit
    can.o(i.CAN1_Init) refers to stm32f4xx_can.o(i.CAN_StructInit) for CAN_StructInit
    can.o(i.CAN1_Init) refers to stm32f4xx_can.o(i.CAN_Init) for CAN_Init
    can.o(i.CAN1_Init) refers to stm32f4xx_can.o(i.CAN_FilterInit) for CAN_FilterInit
    can.o(i.CAN1_Init) refers to stm32f4xx_can.o(i.CAN_ITConfig) for CAN_ITConfig
    can.o(i.CAN2_Init) refers to stm32f4xx_rcc.o(i.RCC_AHB1PeriphClockCmd) for RCC_AHB1PeriphClockCmd
    can.o(i.CAN2_Init) refers to stm32f4xx_rcc.o(i.RCC_APB1PeriphClockCmd) for RCC_APB1PeriphClockCmd
    can.o(i.CAN2_Init) refers to stm32f4xx_gpio.o(i.GPIO_PinAFConfig) for GPIO_PinAFConfig
    can.o(i.CAN2_Init) refers to stm32f4xx_gpio.o(i.GPIO_Init) for GPIO_Init
    can.o(i.CAN2_Init) refers to misc.o(i.NVIC_Init) for NVIC_Init
    can.o(i.CAN2_Init) refers to stm32f4xx_can.o(i.CAN_DeInit) for CAN_DeInit
    can.o(i.CAN2_Init) refers to stm32f4xx_can.o(i.CAN_StructInit) for CAN_StructInit
    can.o(i.CAN2_Init) refers to stm32f4xx_can.o(i.CAN_Init) for CAN_Init
    can.o(i.CAN2_Init) refers to stm32f4xx_can.o(i.CAN_FilterInit) for CAN_FilterInit
    can.o(i.CAN2_Init) refers to stm32f4xx_can.o(i.CAN_ITConfig) for CAN_ITConfig
    can_handle.o(i.CAN1_RX0_IRQHandler) refers to stm32f4xx_can.o(i.CAN_GetITStatus) for CAN_GetITStatus
    can_handle.o(i.CAN1_RX0_IRQHandler) refers to stm32f4xx_can.o(i.CAN_Receive) for CAN_Receive
    can_handle.o(i.CAN1_RX0_IRQHandler) refers to can_handle.o(i.CAN_Data_Decode) for CAN_Data_Decode
    can_handle.o(i.CAN1_RX0_IRQHandler) refers to stm32f4xx_can.o(i.CAN_ClearITPendingBit) for CAN_ClearITPendingBit
    can_handle.o(i.CAN1_RX0_IRQHandler) refers to can_handle.o(.data) for CAN1_Signal
[...]
    ../clib/angel/kernel.s                   0x00000000   Number         0  __rtentry4.o ABSOLUTE
    ../clib/angel/rt.s                       0x00000000   Number         0  rt_raise.o ABSOLUTE
    ../clib/angel/scatter.s                  0x00000000   Number         0  __scatter.o ABSOLUTE
    ../clib/angel/startup.s                  0x00000000   Number         0  __main.o ABSOLUTE
    ../clib/angel/sys.s                      0x00000000   Number         0  indicate_semi.o ABSOLUTE
    ../clib/angel/sys.s                      0x00000000   Number         0  use_no_semi_2.o ABSOLUTE
    ../clib/angel/sys.s                      0x00000000   Number         0  sys_stackheap_outer.o ABSOLUTE
    ../clib/angel/sys.s                      0x00000000   Number         0  libspace.o ABSOLUTE
    ../clib/angel/sys.s                      0x00000000   Number         0  use_no_semi.o ABSOLUTE
    ../clib/angel/sysapp.c                   0x00000000   Number         0  sys_command.o ABSOLUTE
    ../clib/angel/sysapp.c                   0x00000000   Number         0  sys_wrch.o ABSOLUTE
    ../clib/armsys.c                         0x00000000   Number         0  no_argv.o ABSOLUTE
    ../clib/armsys.c                         0x00000000   Number         0  argv_veneer.o ABSOLUTE
    ../clib/armsys.c                         0x00000000   Number         0  _get_argv_nomalloc.o ABSOLUTE
    ../clib/armsys.c                         0x00000000   Number         0  argv_veneer.o ABSOLUTE
    ../clib/heapalloc.c                      0x00000000   Number         0  hrguard.o ABSOLUTE
    ../clib/heapaux.c                        0x00000000   Number         0  heapauxi.o ABSOLUTE
    ../clib/libinit.s                        0x00000000   Number         0  libinit.o ABSOLUTE
    ../clib/libinit.s                        0x00000000   Number         0  libinit2.o ABSOLUTE
    ../clib/libinit.s                        0x00000000   Number         0  libshutdown2.o ABSOLUTE
    ../clib/libinit.s                        0x00000000   Number         0  libshutdown.o ABSOLUTE
    ../clib/memcpset.s                       0x00000000   Number         0  rt_memclr.o ABSOLUTE
    ../clib/memcpset.s                       0x00000000   Number         0  rt_memclr_w.o ABSOLUTE
    ../clib/memcpset.s                       0x00000000   Number         0  rt_memcpy_w.o ABSOLUTE
    ../clib/memcpset.s                       0x00000000   Number         0  aeabi_memset.o ABSOLUTE
    ../clib/signal.c                         0x00000000   Number         0  defsig_rtmem_formal.o ABSOLUTE
    ../clib/signal.c                         0x00000000   Number         0  defsig_rtmem_outer.o ABSOLUTE
    ../clib/signal.c                         0x00000000   Number         0  defsig_pvfn_inner.o ABSOLUTE
    ../clib/signal.c                         0x00000000   Number         0  defsig_other.o ABSOLUTE
    ../clib/signal.c                         0x00000000   Number         0  defsig_segv_inner.o ABSOLUTE
    ../clib/signal.c                         0x00000000   Number         0  defsig_cppl_inner.o ABSOLUTE
    ../clib/signal.c                         0x00000000   Number         0  defsig_stak_inner.o ABSOLUTE
    ../clib/signal.c                         0x00000000   Number         0  defsig_rtred_inner.o ABSOLUTE
    ../clib/signal.c                         0x00000000   Number         0  defsig_fpe_inner.o ABSOLUTE
    ../clib/signal.c                         0x00000000   Number         0  defsig_abrt_inner.o ABSOLUTE
    ../clib/signal.c                         0x00000000   Number         0  defsig_general.o ABSOLUTE
    ../clib/signal.c                         0x00000000   Number         0  __raise.o ABSOLUTE
    ../clib/signal.c                         0x00000000   Number         0  defsig_rtmem_inner.o ABSOLUTE
    ../clib/signal.c                         0x00000000   Number         0  defsig_exit.o ABSOLUTE
    ../clib/signal.s                         0x00000000   Number         0  defsig.o ABSOLUTE
    ../clib/stdlib.c                         0x00000000   Number         0  exit.o ABSOLUTE
    ../fplib/daddsub.s                       0x00000000   Number         0  daddsub_clz.o ABSOLUTE
    ../fplib/dcmp4.s                         0x00000000   Number         0  dcmp4.o ABSOLUTE
    ../fplib/dcmpi.s                         0x00000000   Number         0  dcmpi.o ABSOLUTE
    ../fplib/ddiv.s                          0x00000000   Number         0  ddiv.o ABSOLUTE
    ../fplib/dfix.s                          0x00000000   Number         0  dfix.o ABSOLUTE
    ../fplib/dflt.s                          0x00000000   Number         0  dflt_clz.o ABSOLUTE
    ../fplib/dnaninf.s                       0x00000000   Number         0  dnaninf.o ABSOLUTE
    ../fplib/dretinf.s                       0x00000000   Number         0  dretinf.o ABSOLUTE
    ../fplib/fpinit.s                        0x00000000   Number         0  fpinit.o ABSOLUTE
    ../fplib/usenofp.s                       0x00000000   Number         0  usenofp.o ABSOLUTE
    ../mathlib/fabs.c                        0x00000000   Number         0  fabs.o ABSOLUTE
    ../mathlib/fmax.c                        0x00000000   Number         0  fmax.o ABSOLUTE
    ..\CORE\startup_stm32f427xx.s            0x00000000   Number         0  startup_stm32f427xx.o ABSOLUTE
    ..\FWLIB\src\misc.c                      0x00000000   Number         0  misc.o ABSOLUTE
    ..\FWLIB\src\stm32f4xx_can.c             0x00000000   Number         0  stm32f4xx_can.o ABSOLUTE
    ..\FWLIB\src\stm32f4xx_dma.c             0x00000000   Number         0  stm32f4xx_dma.o ABSOLUTE
    ..\FWLIB\src\stm32f4xx_exti.c            0x00000000   Number         0  stm32f4xx_exti.o ABSOLUTE
    ..\FWLIB\src\stm32f4xx_gpio.c            0x00000000   Number         0  stm32f4xx_gpio.o ABSOLUTE
    ..\FWLIB\src\stm32f4xx_rcc.c             0x00000000   Number         0  stm32f4xx_rcc.o ABSOLUTE
    ..\FWLIB\src\stm32f4xx_spi.c             0x00000000   Number         0  stm32f4xx_spi.o ABSOLUTE
    ..\FWLIB\src\stm32f4xx_syscfg.c          0x00000000   Number         0  stm32f4xx_syscfg.o ABSOLUTE
    ..\FWLIB\src\stm32f4xx_tim.c             0x00000000   Number         0  stm32f4xx_tim.o ABSOLUTE
    ..\FWLIB\src\stm32f4xx_usart.c           0x00000000   Number         0  stm32f4xx_usart.o ABSOLUTE
    ..\HARDWARE\ASTAR\Astar.c                0x00000000   Number         0  astar.o ABSOLUTE
    ..\HARDWARE\BEEP\beep.c                  0x00000000   Number         0  beep.o ABSOLUTE
    ..\HARDWARE\CAN\can.c                    0x00000000   Number         0  can.o ABSOLUTE
    ..\HARDWARE\CAN_HANDLE\can_handle.c      0x00000000   Number         0  can_handle.o ABSOLUTE
    ..\HARDWARE\CHASSIS\chassis.c            0x00000000   Number         0  chassis.o ABSOLUTE
    ..\HARDWARE\DR16\dr16.c                  0x00000000   Number         0  dr16.o ABSOLUTE
    ..\HARDWARE\GRAY\gray.c                  0x00000000   Number         0  gray.o ABSOLUTE
    ..\HARDWARE\INFRARED\infrared.c          0x00000000   Number         0  infrared.o ABSOLUTE
    ..\HARDWARE\LED\led.c                    0x00000000   Number         0  led.o ABSOLUTE
    ..\HARDWARE\POWER\power.c                0x00000000   Number         0  power.o ABSOLUTE
    ..\HARDWARE\SERVO\servo.c                0x00000000   Number         0  servo.o ABSOLUTE
    ..\HARDWARE\TRACE\trace.c                0x00000000   Number         0  trace.o ABSOLUTE
    ..\SYSTEM\delay\delay.c                  0x00000000   Number         0  delay.o ABSOLUTE
    ..\SYSTEM\sys\sys.c                      0x00000000   Number         0  sys.o ABSOLUTE
    ..\SYSTEM\usart\usart.c                  0x00000000   Number         0  usart.o ABSOLUTE
    ..\TOOL\ramp.c                           0x00000000   Number         0  ramp.o ABSOLUTE
    ..\\FWLIB\\src\\misc.c                   0x00000000   Number         0  misc.o ABSOLUTE
    ..\\FWLIB\\src\\stm32f4xx_can.c          0x00000000   Number         0  stm32f4xx_can.o ABSOLUTE
    ..\\FWLIB\\src\\stm32f4xx_dma.c          0x00000000   Number         0  stm32f4xx_dma.o ABSOLUTE
    ..\\FWLIB\\src\\stm32f4xx_exti.c         0x00000000   Number         0  stm32f4xx_exti.o ABSOLUTE
    ..\\FWLIB\\src\\stm32f4xx_gpio.c         0x00000000   Number         0  stm32f4xx_gpio.o ABSOLUTE
    ..\\FWLIB\\src\\stm32f4xx_rcc.c          0x00000000   Number         0  stm32f4xx_rcc.o ABSOLUTE
    ..\\FWLIB\\src\\stm32f4xx_spi.c          0x00000000   Number         0  stm32f4xx_spi.o ABSOLUTE
    ..\\FWLIB\\src\\stm32f4xx_syscfg.c       0x00000000   Number         0  stm32f4xx_syscfg.o ABSOLUTE
    ..\\FWLIB\\src\\stm32f4xx_tim.c          0x00000000   Number         0  stm32f4xx_tim.o ABSOLUTE
    ..\\FWLIB\\src\\stm32f4xx_usart.c        0x00000000   Number         0  stm32f4xx_usart.o ABSOLUTE
    ..\\HARDWARE\\ASTAR\\Astar.c             0x00000000   Number         0  astar.o ABSOLUTE
    ..\\HARDWARE\\BEEP\\beep.c               0x00000000   Number         0  beep.o ABSOLUTE
    ..\\HARDWARE\\CAN\\can.c                 0x00000000   Number         0  can.o ABSOLUTE
    ..\\HARDWARE\\CAN_HANDLE\\can_handle.c   0x00000000   Number         0  can_handle.o ABSOLUTE
    ..\\HARDWARE\\CHASSIS\\chassis.c         0x00000000   Number         0  chassis.o ABSOLUTE
    ..\\HARDWARE\\DR16\\dr16.c               0x00000000   Number         0  dr16.o ABSOLUTE
    ..\\HARDWARE\\GRAY\\gray.c               0x00000000   Number         0  gray.o ABSOLUTE
    ..\\HARDWARE\\INFRARED\\infrared.c       0x00000000   Number         0  infrared.o ABSOLUTE
    ..\\HARDWARE\\LED\\led.c                 0x00000000   Number         0  led.o ABSOLUTE
    ..\\HARDWARE\\POWER\\power.c             0x00000000   Number         0  power.o ABSOLUTE
    ..\\HARDWARE\\SERVO\\servo.c             0x00000000   Number         0  servo.o ABSOLUTE
    ..\\HARDWARE\\TRACE\\trace.c             0x00000000   Number         0  trace.o ABSOLUTE
    ..\\SYSTEM\\delay\\delay.c               0x00000000   Number         0  delay.o ABSOLUTE
    ..\\SYSTEM\\sys\\sys.c                   0x00000000   Number         0  sys.o ABSOLUTE
    ..\\SYSTEM\\usart\\usart.c               0x00000000   Number         0  usart.o ABSOLUTE
    ..\\TOOL\\ramp.c                         0x00000000   Number         0  ramp.o ABSOLUTE
    dc.s                                     0x00000000   Number         0  dc.o ABSOLUTE
    main.c                                   0x00000000   Number         0  main.o ABSOLUTE
    main.c                                   0x00000000   Number         0  main.o ABSOLUTE
    stm32f4xx_it.c                           0x00000000   Number         0  stm32f4xx_it.o ABSOLUTE
    stm32f4xx_it.c                           0x00000000   Number         0  stm32f4xx_it.o ABSOLUTE
    system_stm32f4xx.c                       0x00000000   Number         0  system_stm32f4xx.o ABSOLUTE
    system_stm32f4xx.c                       0x00000000   Number         0  system_stm32f4xx.o ABSOLUTE
    RESET                                    0x08000000   Section      428  startup_stm32f427xx.o(RESET)
    !!!main                                  0x080001ac   Section        8  __main.o(!!!main)
    !!!scatter                               0x080001b4   Section       52  __scatter.o(!!!scatter)
    !!handler_copy                           0x080001e8   Section       26  __scatter_copy.o(!!handler_copy)
    !!handler_zi                             0x08000204   Section       28  __scatter_zi.o(!!handler_zi)
    .ARM.Collect$$libinit$$00000000          0x08000220   Section        2  libinit.o(.ARM.Collect$$libinit$$00000000)
    .ARM.Collect$$libinit$$00000001          0x08000222   Section        4  libinit2.o(.ARM.Collect$$libinit$$00000001)
    .ARM.Collect$$libinit$$00000004          0x08000226   Section        0  libinit2.o(.ARM.Collect$$libinit$$00000004)
    .ARM.Collect$$libinit$$0000000A          0x08000226   Section        0  libinit2.o(.ARM.Collect$$libinit$$0000000A)
    .ARM.Collect$$libinit$$0000000C          0x08000226   Section        0  libinit2.o(.ARM.Collect$$libinit$$0000000C)
    .ARM.Collect$$libinit$$0000000E          0x08000226   Section        0  libinit2.o(.ARM.Collect$$libinit$$0000000E)
    .ARM.Collect$$libinit$$00000011          0x08000226   Section        0  libinit2.o(.ARM.Collect$$libinit$$00000011)
    .ARM.Collect$$libinit$$00000013          0x08000226   Section        0  libinit2.o(.ARM.Collect$$libinit$$00000013)
    .ARM.Collect$$libinit$$00000015          0x08000226   Section        0  libinit2.o(.ARM.Collect$$libinit$$00000015)
    .ARM.Collect$$libinit$$00000017          0x08000226   Section        0  libinit2.o(.ARM.Collect$$libinit$$00000017)
    .ARM.Collect$$libinit$$00000019          0x08000226   Section        0  libinit2.o(.ARM.Collect$$libinit$$00000019)
    .ARM.Collect$$libinit$$0000001B          0x08000226   Section        0  libinit2.o(.ARM.Collect$$libinit$$0000001B)
    .ARM.Collect$$libinit$$0000001D          0x08000226   Section        0  libinit2.o(.ARM.Collect$$libinit$$0000001D)
    .ARM.Collect$$libinit$$0000001F          0x08000226   Section        0  libinit2.o(.ARM.Collect$$libinit$$0000001F)
    .ARM.Collect$$libinit$$00000021          0x08000226   Section        0  libinit2.o(.ARM.Collect$$libinit$$00000021)
    .ARM.Collect$$libinit$$00000023          0x08000226   Section        0  libinit2.o(.ARM.Collect$$libinit$$00000023)
    .ARM.Collect$$libinit$$00000025          0x08000226   Section        0  libinit2.o(.ARM.Collect$$libinit$$00000025)
    .ARM.Collect$$libinit$$0000002C          0x08000226   Section        0  libinit2.o(.ARM.Collect$$libinit$$0000002C)
    .ARM.Collect$$libinit$$0000002E          0x08000226   Section        0  libinit2.o(.ARM.Collect$$libinit$$0000002E)
    .ARM.Collect$$libinit$$00000030          0x08000226   Section        0  libinit2.o(.ARM.Collect$$libinit$$00000030)
    .ARM.Collect$$libinit$$00000032          0x08000226   Section        0  libinit2.o(.ARM.Collect$$libinit$$00000032)
    .ARM.Collect$$libinit$$00000033          0x08000226   Section        2  libinit2.o(.ARM.Collect$$libinit$$00000033)
    .ARM.Collect$$libshutdown$$00000000      0x08000228   Section        2  libshutdown.o(.ARM.Collect$$libshutdown$$00000000)
    .ARM.Collect$$libshutdown$$00000002      0x0800022a   Section        0  libshutdown2.o(.ARM.Collect$$libshutdown$$00000002)
    .ARM.Collect$$libshutdown$$00000004      0x0800022a   Section        0  libshutdown2.o(.ARM.Collect$$libshutdown$$00000004)
    .ARM.Collect$$libshutdown$$00000006      0x0800022a   Section        0  libshutdown2.o(.ARM.Collect$$libshutdown$$00000006)
    .ARM.Collect$$libshutdown$$00000009      0x0800022a   Section        0  libshutdown2.o(.ARM.Collect$$libshutdown$$00000009)
    .ARM.Collect$$libshutdown$$0000000C      0x0800022a   Section        0  libshutdown2.o(.ARM.Collect$$libshutdown$$0000000C)
    .ARM.Collect$$libshutdown$$0000000E      0x0800022a   Section        0  libshutdown2.o(.ARM.Collect$$libshutdown$$0000000E)
    .ARM.Collect$$libshutdown$$00000011      0x0800022a   Section        0  libshutdown2.o(.ARM.Collect$$libshutdown$$00000011)
    .ARM.Collect$$libshutdown$$00000012      0x0800022a   Section        2  libshutdown2.o(.ARM.Collect$$libshutdown$$00000012)
    .ARM.Collect$$rtentry$$00000000          0x0800022c   Section        0  __rtentry.o(.ARM.Collect$$rtentry$$00000000)
    .ARM.Collect$$rtentry$$00000002          0x0800022c   Section        0  __rtentry2.o(.ARM.Collect$$rtentry$$00000002)
    .ARM.Collect$$rtentry$$00000004          0x0800022c   Section        6  __rtentry4.o(.ARM.Collect$$rtentry$$00000004)
    .ARM.Collect$$rtentry$$00000009          0x08000232   Section        0  __rtentry2.o(.ARM.Collect$$rtentry$$00000009)
    .ARM.Collect$$rtentry$$0000000A          0x08000232   Section        4  __rtentry2.o(.ARM.Collect$$rtentry$$0000000A)
    .ARM.Collect$$rtentry$$0000000C          0x08000236   Section        0  __rtentry2.o(.ARM.Collect$$rtentry$$0000000C)
    .ARM.Collect$$rtentry$$0000000D          0x08000236   Section        8  __rtentry2.o(.ARM.Collect$$rtentry$$0000000D)
    .ARM.Collect$$rtexit$$00000000           0x0800023e   Section        2  rtexit.o(.ARM.Collect$$rtexit$$00000000)
    .ARM.Collect$$rtexit$$00000002           0x08000240   Section        0  rtexit2.o(.ARM.Collect$$rtexit$$00000002)
    .ARM.Collect$$rtexit$$00000003           0x08000240   Section        4  rtexit2.o(.ARM.Collect$$rtexit$$00000003)
    .ARM.Collect$$rtexit$$00000004           0x08000244   Section        6  rtexit2.o(.ARM.Collect$$rtexit$$00000004)
    .text                                    0x0800024c   Section       64  startup_stm32f427xx.o(.text)
    $v0                                      0x0800024c   Number         0  startup_stm32f427xx.o(.text)
    .text                                    0x0800028c   Section        2  use_no_semi_2.o(.text)
    .text                                    0x0800028e   Section      100  rt_memcpy_w.o(.text)
    .text                                    0x080002f2   Section       16  aeabi_memset.o(.text)
    .text                                    0x08000302   Section       68  rt_memclr.o(.text)
    .text                                    0x08000346   Section        0  heapauxi.o(.text)
    .text                                    0x0800034c   Section        2  use_no_semi.o(.text)
    .text                                    0x0800034e   Section       78  rt_memclr_w.o(.text)
    .text                                    0x0800039c   Section       74  sys_stackheap_outer.o(.text)
    .text                                    0x080003e6   Section        0  exit.o(.text)
    .text                                    0x080003f8   Section        8  libspace.o(.text)
    i.Arrive                                 0x08000400   Section        0  trace.o(i.Arrive)
    i.Astar                                  0x08000478   Section        0  astar.o(i.Astar)
    i.Astar_Init                             0x0800074c   Section        0  astar.o(i.Astar_Init)
    i.BSP_Init                               0x0800076c   Section        0  main.o(i.BSP_Init)
    i.Beep_Init                              0x08000794   Section        0  beep.o(i.Beep_Init)
    i.BusFault_Handler                       0x08000834   Section        0  stm32f4xx_it.o(i.BusFault_Handler)
    i.CAN12_Init                             0x08000838   Section        0  can.o(i.CAN12_Init)
    i.CAN1_Init                              0x08000844   Section        0  can.o(i.CAN1_Init)
    i.CAN1_RX0_IRQHandler                    0x08000960   Section        0  can_handle.o(i.CAN1_RX0_IRQHandler)
    i.CAN1_TX_Chassis                        0x080009e4   Section        0  can_handle.o(i.CAN1_TX_Chassis)
    i.CAN1_TX_IRQHandler                     0x08000a88   Section        0  can_handle.o(i.CAN1_TX_IRQHandler)
    i.CAN2_Init                              0x08000aac   Section        0  can.o(i.CAN2_Init)
    i.CAN2_RX0_IRQHandler                    0x08000bd8   Section        0  can_handle.o(i.CAN2_RX0_IRQHandler)
    i.CAN2_TX_IRQHandler                     0x08000c24   Section        0  can_handle.o(i.CAN2_TX_IRQHandler)
    i.CAN_ClearITPendingBit                  0x08000c48   Section        0  stm32f4xx_can.o(i.CAN_ClearITPendingBit)
    i.CAN_Data_Decode                        0x08000cf0   Section        0  can_handle.o(i.CAN_Data_Decode)
    i.CAN_DeInit                             0x08000d40   Section        0  stm32f4xx_can.o(i.CAN_DeInit)
    i.CAN_FilterInit                         0x08000d78   Section        0  stm32f4xx_can.o(i.CAN_FilterInit)
    i.CAN_GetITStatus                        0x08000e80   Section        0  stm32f4xx_can.o(i.CAN_GetITStatus)
    i.CAN_ITConfig                           0x08000fa0   Section        0  stm32f4xx_can.o(i.CAN_ITConfig)
    i.CAN_Init                               0x08000fb2   Section        0  stm32f4xx_can.o(i.CAN_Init)
    i.CAN_Receive                            0x080010c6   Section        0  stm32f4xx_can.o(i.CAN_Receive)
    i.CAN_StructInit                         0x080011b6   Section        0  stm32f4xx_can.o(i.CAN_StructInit)
    i.CAN_Transmit                           0x080011d6   Section        0  stm32f4xx_can.o(i.CAN_Transmit)
    i.Chassis_Init                           0x080012fc   Section        0  chassis.o(i.Chassis_Init)
    i.Chassis_Stop                           0x08001358   Section        0  chassis.o(i.Chassis_Stop)
    i.CheckITStatus                          0x080013a8   Section        0  stm32f4xx_can.o(i.CheckITStatus)
    CheckITStatus                            0x080013a9   Thumb Code    18  stm32f4xx_can.o(i.CheckITStatus)
    i.DMA_Cmd                                0x080013ba   Section        0  stm32f4xx_dma.o(i.DMA_Cmd)
    i.DMA_GetCurrDataCounter                 0x080013d0   Section        0  stm32f4xx_dma.o(i.DMA_GetCurrDataCounter)
    i.DMA_GetCurrentMemoryTarget             0x080013d8   Section        0  stm32f4xx_dma.o(i.DMA_GetCurrentMemoryTarget)
    i.DMA_SetCurrDataCounter                 0x080013ec   Section        0  stm32f4xx_dma.o(i.DMA_SetCurrDataCounter)
    i.DR16_DataDecode                        0x080013f0   Section        0  dr16.o(i.DR16_DataDecode)
    i.DebugMon_Handler                       0x080014ac   Section        0  stm32f4xx_it.o(i.DebugMon_Handler)
    i.Drive                                  0x080014b0   Section        0  trace.o(i.Drive)
    i.GPIO_Init                              0x08001654   Section        0  stm32f4xx_gpio.o(i.GPIO_Init)
    i.GPIO_PinAFConfig                       0x080016e4   Section        0  stm32f4xx_gpio.o(i.GPIO_PinAFConfig)
    i.GPIO_ReadInputDataBit                  0x0800172a   Section        0  stm32f4xx_gpio.o(i.GPIO_ReadInputDataBit)
    i.GPIO_ResetBits                         0x0800173c   Section        0  stm32f4xx_gpio.o(i.GPIO_ResetBits)
    i.GPIO_SetBits                           0x08001740   Section        0  stm32f4xx_gpio.o(i.GPIO_SetBits)
    i.Gray_Init                              0x08001744   Section        0  gray.o(i.Gray_Init)
    i.HardFault_Handler                      0x080017c0   Section        0  stm32f4xx_it.o(i.HardFault_Handler)
    i.Infrared_Init                          0x080017c4   Section        0  infrared.o(i.Infrared_Init)
    i.LED_Init                               0x0800181c   Section        0  led.o(i.LED_Init)
    i.MemManage_Handler                      0x0800188c   Section        0  stm32f4xx_it.o(i.MemManage_Handler)
    i.Mib_Car                                0x08001890   Section        0  main.o(i.Mib_Car)
    i.Move                                   0x08001ad0   Section        0  trace.o(i.Move)
    i.NMI_Handler                            0x08001bd8   Section        0  stm32f4xx_it.o(i.NMI_Handler)
    i.NVIC_Init                              0x08001bdc   Section        0  misc.o(i.NVIC_Init)
    i.NVIC_PriorityGroupConfig               0x08001c54   Section        0  misc.o(i.NVIC_PriorityGroupConfig)
    i.PID_Calc                               0x08001c68   Section        0  chassis.o(i.PID_Calc)
    i.Power_Init                             0x08001cec   Section        0  power.o(i.Power_Init)
    i.RCC_AHB1PeriphClockCmd                 0x08001d24   Section        0  stm32f4xx_rcc.o(i.RCC_AHB1PeriphClockCmd)
    i.RCC_APB1PeriphClockCmd                 0x08001d44   Section        0  stm32f4xx_rcc.o(i.RCC_APB1PeriphClockCmd)
    i.RCC_APB1PeriphResetCmd                 0x08001d64   Section        0  stm32f4xx_rcc.o(i.RCC_APB1PeriphResetCmd)
    i.Servo_Init                             0x08001d84   Section        0  servo.o(i.Servo_Init)
    i.SetChassis                             0x08001d98   Section        0  chassis.o(i.SetChassis)
    i.SetSysClock                            0x08002140   Section        0  system_stm32f4xx.o(i.SetSysClock)
    SetSysClock                              0x08002141   Thumb Code   272  system_stm32f4xx.o(i.SetSysClock)
    i.SysTick_CLKSourceConfig                0x08002260   Section        0  misc.o(i.SysTick_CLKSourceConfig)
    i.SystemInit                             0x08002288   Section        0  system_stm32f4xx.o(i.SystemInit)
    i.TIM2_PWM_Init                          0x080022f0   Section        0  servo.o(i.TIM2_PWM_Init)
    i.TIM_ARRPreloadConfig                   0x08002390   Section        0  stm32f4xx_tim.o(i.TIM_ARRPreloadConfig)
    i.TIM_Cmd                                0x080023a8   Section        0  stm32f4xx_tim.o(i.TIM_Cmd)
    i.TIM_OC1Init                            0x080023c0   Section        0  stm32f4xx_tim.o(i.TIM_OC1Init)
    i.TIM_OC1PreloadConfig                   0x0800243c   Section        0  stm32f4xx_tim.o(i.TIM_OC1PreloadConfig)
    i.TIM_OC2Init                            0x08002450   Section        0  stm32f4xx_tim.o(i.TIM_OC2Init)
    i.TIM_OC2PreloadConfig                   0x080024f4   Section        0  stm32f4xx_tim.o(i.TIM_OC2PreloadConfig)
    i.TIM_SetCompare2                        0x0800250e   Section        0  stm32f4xx_tim.o(i.TIM_SetCompare2)
    i.TIM_TimeBaseInit                       0x08002514   Section        0  stm32f4xx_tim.o(i.TIM_TimeBaseInit)
    i.USART1_IRQHandler                      0x08002598   Section        0  dr16.o(i.USART1_IRQHandler)
    i.USART6_IRQHandler                      0x08002620   Section        0  usart.o(i.USART6_IRQHandler)
    i.USART_GetITStatus                      0x080026a8   Section        0  stm32f4xx_usart.o(i.USART_GetITStatus)
    i.USART_ReceiveData                      0x080026fc   Section        0  stm32f4xx_usart.o(i.USART_ReceiveData)
    i.UsageFault_Handler                     0x08002706   Section        0  stm32f4xx_it.o(i.UsageFault_Handler)
    i.__hardfp_fabs                          0x0800270a   Section        0  fabs.o(i.__hardfp_fabs)
    i.__hardfp_fmax                          0x0800271e   Section        0  fmax.o(i.__hardfp_fmax)
    i._sys_exit                              0x08002792   Section        0  usart.o(i._sys_exit)
    i.antiF                                  0x08002798   Section        0  trace.o(i.antiF)
    i.code                                   0x08002918   Section        0  astar.o(i.code)
    i.decode                                 0x08002922   Section        0  astar.o(i.decode)
    i.delay_init                             0x0800293c   Section        0  delay.o(i.delay_init)
    i.delay_ms                               0x0800296c   Section        0  delay.o(i.delay_ms)
    i.delay_xms                              0x080029a4   Section        0  delay.o(i.delay_xms)
    i.empty                                  0x080029f0   Section        0  astar.o(i.empty)
    i.findWay                                0x08002a0c   Section        0  astar.o(i.findWay)
    i.front                                  0x08002ac4   Section        0  astar.o(i.front)
    i.getNext                                0x08002ad8   Section        0  astar.o(i.getNext)
    i.inf_isUp                               0x08002b14   Section        0  infrared.o(i.inf_isUp)
    i.invalid                                0x08002b60   Section        0  astar.o(i.invalid)
    i.isUp                                   0x08002b90   Section        0  gray.o(i.isUp)
    i.main                                   0x08002bdc   Section        0  main.o(i.main)
    i.pop                                    0x08002c3c   Section        0  astar.o(i.pop)
    i.push                                   0x08002c54   Section        0  astar.o(i.push)
    i.update                                 0x08002c80   Section        0  astar.o(i.update)
    x$fpl$dadd                               0x08002d88   Section      336  daddsub_clz.o(x$fpl$dadd)
    $v0                                      0x08002d88   Number         0  daddsub_clz.o(x$fpl$dadd)
    _dadd1                                   0x08002d99   Thumb Code     0  daddsub_clz.o(x$fpl$dadd)
    x$fpl$dcmp4                              0x08002ed8   Section      310  dcmp4.o(x$fpl$dcmp4)
    $v0                                      0x08002ed8   Number         0  dcmp4.o(x$fpl$dcmp4)
    x$fpl$dcmpinf                            0x0800300e   Section       24  dcmpi.o(x$fpl$dcmpinf)
    $v0                                      0x0800300e   Number         0  dcmpi.o(x$fpl$dcmpinf)
    x$fpl$ddiv                               0x08003028   Section      688  ddiv.o(x$fpl$ddiv)
    $v0                                      0x08003028   Number         0  ddiv.o(x$fpl$ddiv)
    ddiv_entry                               0x0800302f   Thumb Code     0  ddiv.o(x$fpl$ddiv)
    x$fpl$dfix                               0x080032d8   Section       94  dfix.o(x$fpl$dfix)
    $v0                                      0x080032d8   Number         0  dfix.o(x$fpl$dfix)
    x$fpl$dflt                               0x08003336   Section       46  dflt_clz.o(x$fpl$dflt)
    $v0                                      0x08003336   Number         0  dflt_clz.o(x$fpl$dflt)
    x$fpl$dnaninf                            0x08003364   Section      156  dnaninf.o(x$fpl$dnaninf)
    $v0                                      0x08003364   Number         0  dnaninf.o(x$fpl$dnaninf)
    x$fpl$dretinf                            0x08003400   Section       12  dretinf.o(x$fpl$dretinf)
    $v0                                      0x08003400   Number         0  dretinf.o(x$fpl$dretinf)
    x$fpl$dsub                               0x0800340c   Section      468  daddsub_clz.o(x$fpl$dsub)
    $v0                                      0x0800340c   Number         0  daddsub_clz.o(x$fpl$dsub)
    _dsub1                                   0x0800341d   Thumb Code     0  daddsub_clz.o(x$fpl$dsub)
    x$fpl$fpinit                             0x080035e0   Section       10  fpinit.o(x$fpl$fpinit)
    $v0                                      0x080035e0   Number         0  fpinit.o(x$fpl$fpinit)
    x$fpl$usenofp                            0x080035ea   Section        0  usenofp.o(x$fpl$usenofp)
    .data                                    0x20000000   Section       16  main.o(.data)
    startx                                   0x20000000   Data           4  main.o(.data)
    starty                                   0x20000004   Data           4  main.o(.data)
    goalx                                    0x20000008   Data           4  main.o(.data)
    goaly                                    0x2000000c   Data           4  main.o(.data)
    .data                                    0x20000010   Section       12  can_handle.o(.data)
    .data                                    0x2000001c   Section       12  chassis.o(.data)
    Kp                                       0x2000001c   Data           4  chassis.o(.data)
    Ki                                       0x20000020   Data           4  chassis.o(.data)
    Kd                                       0x20000024   Data           4  chassis.o(.data)
    .data                                    0x20000028   Section        4  trace.o(.data)
    passTime                                 0x20000028   Data           4  trace.o(.data)
    .data                                    0x2000002c   Section        8  infrared.o(.data)
    isUPed                                   0x2000002c   Data           8  infrared.o(.data)
    .data                                    0x20000034   Section        8  astar.o(.data)
    .data                                    0x2000003c   Section        4  delay.o(.data)
    fac_us                                   0x2000003c   Data           1  delay.o(.data)
    fac_ms                                   0x2000003e   Data           2  delay.o(.data)
    .data                                    0x20000040   Section        6  usart.o(.data)
    .bss                                     0x20000048   Section      144  can_handle.o(.bss)
    .bss                                     0x200000d8   Section       94  dr16.o(.bss)
    DBUS_rx_buff                             0x200000d8   Data          36  dr16.o(.bss)
    .bss                                     0x20000138   Section       80  chassis.o(.bss)
    .bss                                     0x20000188   Section       72  gray.o(.bss)
    isUPed                                   0x20000188   Data          24  gray.o(.bss)
    cnt                                      0x200001a0   Data          48  gray.o(.bss)
    .bss                                     0x200001d0   Section       16  infrared.o(.bss)
    cnt                                      0x200001d0   Data          16  infrared.o(.bss)
    .bss                                     0x200001e0   Section      660  astar.o(.bss)
    .bss                                     0x20000474   Section      200  usart.o(.bss)
    .bss                                     0x2000053c   Section       96  libspace.o(.bss)
    HEAP                                     0x200005a0   Section      512  startup_stm32f427xx.o(HEAP)
    Heap_Mem                                 0x200005a0   Data         512  startup_stm32f427xx.o(HEAP)
    STACK                                    0x200007a0   Section     1024  startup_stm32f427xx.o(STACK)
    Stack_Mem                                0x200007a0   Data        1024  startup_stm32f427xx.o(STACK)
    __initial_sp                             0x20000ba0   Data           0  startup_stm32f427xx.o(STACK)

    Global Symbols

    Symbol Name                              Value     Ov Type        Size  Object(Section)

    BuildAttributes$$THM_ISAv4$E$P$D$K$B$S$7EM$VFPi3$EXTD16$VFPS$VFMA$PE$A:L22UL41UL21$X:L11$S22US41US21$IEEE1$IW$USESV6$~STKCKD$USESV7$~SHL$OTIME$ROPI$IEEEJ$EBA8$UX$STANDARDLIB$REQ8$PRES8$EABIv2 0x00000000   Number         0  anon$$obj.o ABSOLUTE
    __ARM_use_no_argv                        0x00000000   Number         0  main.o ABSOLUTE
    __ARM_exceptions_init                     - Undefined Weak Reference
    __alloca_initialize                       - Undefined Weak Reference
    __arm_fini_                               - Undefined Weak Reference
    __arm_preinit_                            - Undefined Weak Reference
    __cpp_initialize__aeabi_                  - Undefined Weak Reference
    __cxa_finalize                            - Undefined Weak Reference
    __rt_locale                               - Undefined Weak Reference
    __sigvec_lookup                           - Undefined Weak Reference
    _atexit_init                              - Undefined Weak Reference
    _call_atexit_fns                          - Undefined Weak Reference
    _clock_init                               - Undefined Weak Reference
    _fp_trap_init                             - Undefined Weak Reference
    _fp_trap_shutdown                         - Undefined Weak Reference
    _get_lc_collate                           - Undefined Weak Reference
    _get_lc_ctype                             - Undefined Weak Reference
    _get_lc_monetary                          - Undefined Weak Reference
    _get_lc_numeric                           - Undefined Weak Reference
    _get_lc_time                              - Undefined Weak Reference
    _getenv_init                              - Undefined Weak Reference
    _handle_redirection                       - Undefined Weak Reference
    _init_alloc                               - Undefined Weak Reference
    _init_user_alloc                          - Undefined Weak Reference
    _initio                                   - Undefined Weak Reference
    _rand_init                                - Undefined Weak Reference
    _signal_finish                            - Undefined Weak Reference
    _signal_init                              - Undefined Weak Reference
    _terminate_alloc                          - Undefined Weak Reference
    _terminate_user_alloc                     - Undefined Weak Reference
    _terminateio                              - Undefined Weak Reference
    __Vectors_Size                           0x000001ac   Number         0  startup_stm32f427xx.o ABSOLUTE
    __Vectors                                0x08000000   Data           4  startup_stm32f427xx.o(RESET)
    __Vectors_End                            0x080001ac   Data           0  startup_stm32f427xx.o(RESET)
    __main                                   0x080001ad   Thumb Code     8  __main.o(!!!main)
    __scatterload                            0x080001b5   Thumb Code     0  __scatter.o(!!!scatter)
    __scatterload_rt2                        0x080001b5   Thumb Code    44  __scatter.o(!!!scatter)
    __scatterload_rt2_thumb_only             0x080001b5   Thumb Code     0  __scatter.o(!!!scatter)
    __scatterload_null                       0x080001c3   Thumb Code     0  __scatter.o(!!!scatter)
    __scatterload_copy                       0x080001e9   Thumb Code    26  __scatter_copy.o(!!handler_copy)
    __scatterload_zeroinit                   0x08000205   Thumb Code    28  __scatter_zi.o(!!handler_zi)
    __rt_lib_init                            0x08000221   Thumb Code     0  libinit.o(.ARM.Collect$$libinit$$00000000)
    __rt_lib_init_fp_1                       0x08000223   Thumb Code     0  libinit2.o(.ARM.Collect$$libinit$$00000001)
    __rt_lib_init_alloca_1                   0x08000227   Thumb Code     0  libinit2.o(.ARM.Collect$$libinit$$0000002E)
    __rt_lib_init_argv_1                     0x08000227   Thumb Code     0  libinit2.o(.ARM.Collect$$libinit$$0000002C)
    __rt_lib_init_atexit_1                   0x08000227   Thumb Code     0  libinit2.o(.ARM.Collect$$libinit$$0000001B)
    __rt_lib_init_clock_1                    0x08000227   Thumb Code     0  libinit2.o(.ARM.Collect$$libinit$$00000021)
    __rt_lib_init_cpp_1                      0x08000227   Thumb Code     0  libinit2.o(.ARM.Collect$$libinit$$00000032)
    __rt_lib_init_exceptions_1               0x08000227   Thumb Code     0  libinit2.o(.ARM.Collect$$libinit$$00000030)
    __rt_lib_init_fp_trap_1                  0x08000227   Thumb Code     0  libinit2.o(.ARM.Collect$$libinit$$0000001F)
    __rt_lib_init_getenv_1                   0x08000227   Thumb Code     0  libinit2.o(.ARM.Collect$$libinit$$00000023)
    __rt_lib_init_heap_1                     0x08000227   Thumb Code     0  libinit2.o(.ARM.Collect$$libinit$$0000000A)
    __rt_lib_init_lc_collate_1               0x08000227   Thumb Code     0  libinit2.o(.ARM.Collect$$libinit$$00000011)
    __rt_lib_init_lc_ctype_1                 0x08000227   Thumb Code     0  libinit2.o(.ARM.Collect$$libinit$$00000013)
    __rt_lib_init_lc_monetary_1              0x08000227   Thumb Code     0  libinit2.o(.ARM.Collect$$libinit$$00000015)
    __rt_lib_init_lc_numeric_1               0x08000227   Thumb Code     0  libinit2.o(.ARM.Collect$$libinit$$00000017)
    __rt_lib_init_lc_time_1                  0x08000227   Thumb Code     0  libinit2.o(.ARM.Collect$$libinit$$00000019)
    __rt_lib_init_preinit_1                  0x08000227   Thumb Code     0  libinit2.o(.ARM.Collect$$libinit$$00000004)
    __rt_lib_init_rand_1                     0x08000227   Thumb Code     0  libinit2.o(.ARM.Collect$$libinit$$0000000E)
    __rt_lib_init_return                     0x08000227   Thumb Code     0  libinit2.o(.ARM.Collect$$libinit$$00000033)
    __rt_lib_init_signal_1                   0x08000227   Thumb Code     0  libinit2.o(.ARM.Collect$$libinit$$0000001D)
    __rt_lib_init_stdio_1                    0x08000227   Thumb Code     0  libinit2.o(.ARM.Collect$$libinit$$00000025)
    __rt_lib_init_user_alloc_1               0x08000227   Thumb Code     0  libinit2.o(.ARM.Collect$$libinit$$0000000C)
    __rt_lib_shutdown                        0x08000229   Thumb Code     0  libshutdown.o(.ARM.Collect$$libshutdown$$00000000)
    __rt_lib_shutdown_cpp_1                  0x0800022b   Thumb Code     0  libshutdown2.o(.ARM.Collect$$libshutdown$$00000004)
    __rt_lib_shutdown_fini_1                 0x0800022b   Thumb Code     0  libshutdown2.o(.ARM.Collect$$libshutdown$$00000002)
    __rt_lib_shutdown_fp_trap_1              0x0800022b   Thumb Code     0  libshutdown2.o(.ARM.Collect$$libshutdown$$00000009)
    __rt_lib_shutdown_heap_1                 0x0800022b   Thumb Code     0  libshutdown2.o(.ARM.Collect$$libshutdown$$00000011)
    __rt_lib_shutdown_return                 0x0800022b   Thumb Code     0  libshutdown2.o(.ARM.Collect$$libshutdown$$00000012)
    __rt_lib_shutdown_signal_1               0x0800022b   Thumb Code     0  libshutdown2.o(.ARM.Collect$$libshutdown$$0000000C)
    __rt_lib_shutdown_stdio_1                0x0800022b   Thumb Code     0  libshutdown2.o(.ARM.Collect$$libshutdown$$00000006)
    __rt_lib_shutdown_user_alloc_1           0x0800022b   Thumb Code     0  libshutdown2.o(.ARM.Collect$$libshutdown$$0000000E)
    __rt_entry                               0x0800022d   Thumb Code     0  __rtentry.o(.ARM.Collect$$rtentry$$00000000)
    __rt_entry_presh_1                       0x0800022d   Thumb Code     0  __rtentry2.o(.ARM.Collect$$rtentry$$00000002)
    __rt_entry_sh                            0x0800022d   Thumb Code     0  __rtentry4.o(.ARM.Collect$$rtentry$$00000004)
    __rt_entry_li                            0x08000233   Thumb Code     0  __rtentry2.o(.ARM.Collect$$rtentry$$0000000A)
    __rt_entry_postsh_1                      0x08000233   Thumb Code     0  __rtentry2.o(.ARM.Collect$$rtentry$$00000009)
    __rt_entry_main                          0x08000237   Thumb Code     0  __rtentry2.o(.ARM.Collect$$rtentry$$0000000D)
    __rt_entry_postli_1                      0x08000237   Thumb Code     0  __rtentry2.o(.ARM.Collect$$rtentry$$0000000C)
    __rt_exit                                0x0800023f   Thumb Code     0  rtexit.o(.ARM.Collect$$rtexit$$00000000)
    __rt_exit_ls                             0x08000241   Thumb Code     0  rtexit2.o(.ARM.Collect$$rtexit$$00000003)
    __rt_exit_prels_1                        0x08000241   Thumb Code     0  rtexit2.o(.ARM.Collect$$rtexit$$00000002)
    __rt_exit_exit                           0x08000245   Thumb Code     0  rtexit2.o(.ARM.Collect$$rtexit$$00000004)
    Reset_Handler                            0x0800024d   Thumb Code     8  startup_stm32f427xx.o(.text)
    SVC_Handler                              0x0800025f   Thumb Code     2  startup_stm32f427xx.o(.text)
    PendSV_Handler                           0x08000263   Thumb Code     2  startup_stm32f427xx.o(.text)
    SysTick_Handler                          0x08000265   Thumb Code     2  startup_stm32f427xx.o(.text)
    ADC_IRQHandler                           0x08000267   Thumb Code     0  startup_stm32f427xx.o(.text)
    CAN1_RX1_IRQHandler                      0x08000267   Thumb Code     0  startup_stm32f427xx.o(.text)
    CAN1_SCE_IRQHandler                      0x08000267   Thumb Code     0  startup_stm32f427xx.o(.text)
    CAN2_RX1_IRQHandler                      0x08000267   Thumb Code     0  startup_stm32f427xx.o(.text)
    CAN2_SCE_IRQHandler                      0x08000267   Thumb Code     0  startup_stm32f427xx.o(.text)
    DCMI_IRQHandler                          0x08000267   Thumb Code     0  startup_stm32f427xx.o(.text)
    DMA1_Stream0_IRQHandler                  0x08000267   Thumb Code     0  startup_stm32f427xx.o(.text)
    DMA1_Stream1_IRQHandler                  0x08000267   Thumb Code     0  startup_stm32f427xx.o(.text)
    DMA1_Stream2_IRQHandler                  0x08000267   Thumb Code     0  startup_stm32f427xx.o(.text)
    DMA1_Stream3_IRQHandler                  0x08000267   Thumb Code     0  startup_stm32f427xx.o(.text)
    DMA1_Stream4_IRQHandler                  0x08000267   Thumb Code     0  startup_stm32f427xx.o(.text)
    DMA1_Stream5_IRQHandler                  0x08000267   Thumb Code     0  startup_stm32f427xx.o(.text)
    DMA1_Stream6_IRQHandler                  0x08000267   Thumb Code     0  startup_stm32f427xx.o(.text)
    DMA1_Stream7_IRQHandler                  0x08000267   Thumb Code     0  startup_stm32f427xx.o(.text)
    DMA2D_IRQHandler                         0x08000267   Thumb Code     0  startup_stm32f427xx.o(.text)
    DMA2_Stream0_IRQHandler                  0x08000267   Thumb Code     0  startup_stm32f427xx.o(.text)
    DMA2_Stream1_IRQHandler                  0x08000267   Thumb Code     0  startup_stm32f427xx.o(.text)
    DMA2_Stream2_IRQHandler                  0x08000267   Thumb Code     0  startup_stm32f427xx.o(.text)
    DMA2_Stream3_IRQHandler                  0x08000267   Thumb Code     0  startup_stm32f427xx.o(.text)
    DMA2_Stream4_IRQHandler                  0x08000267   Thumb Code     0  startup_stm32f427xx.o(.text)
    DMA2_Stream5_IRQHandler                  0x08000267   Thumb Code     0  startup_stm32f427xx.o(.text)
    DMA2_Stream6_IRQHandler                  0x08000267   Thumb Code     0  startup_stm32f427xx.o(.text)
    DMA2_Stream7_IRQHandler                  0x08000267   Thumb Code     0  startup_stm32f427xx.o(.text)
    ETH_IRQHandler                           0x08000267   Thumb Code     0  startup_stm32f427xx.o(.text)
    ETH_WKUP_IRQHandler                      0x08000267   Thumb Code     0  startup_stm32f427xx.o(.text)
    EXTI0_IRQHandler                         0x08000267   Thumb Code     0  startup_stm32f427xx.o(.text)
    EXTI15_10_IRQHandler                     0x08000267   Thumb Code     0  startup_stm32f427xx.o(.text)
    EXTI1_IRQHandler                         0x08000267   Thumb Code     0  startup_stm32f427xx.o(.text)
    EXTI2_IRQHandler                         0x08000267   Thumb Code     0  startup_stm32f427xx.o(.text)
    EXTI3_IRQHandler                         0x08000267   Thumb Code     0  startup_stm32f427xx.o(.text)
    EXTI4_IRQHandler                         0x08000267   Thumb Code     0  startup_stm32f427xx.o(.text)
    EXTI9_5_IRQHandler                       0x08000267   Thumb Code     0  startup_stm32f427xx.o(.text)
    FLASH_IRQHandler                         0x08000267   Thumb Code     0  startup_stm32f427xx.o(.text)
    FMC_IRQHandler                           0x08000267   Thumb Code     0  startup_stm32f427xx.o(.text)
    FPU_IRQHandler                           0x08000267   Thumb Code     0  startup_stm32f427xx.o(.text)
    HASH_RNG_IRQHandler                      0x08000267   Thumb Code     0  startup_stm32f427xx.o(.text)
    I2C1_ER_IRQHandler                       0x08000267   Thumb Code     0  startup_stm32f427xx.o(.text)
    I2C1_EV_IRQHandler                       0x08000267   Thumb Code     0  startup_stm32f427xx.o(.text)
    I2C2_ER_IRQHandler                       0x08000267   Thumb Code     0  startup_stm32f427xx.o(.text)
    I2C2_EV_IRQHandler                       0x08000267   Thumb Code     0  startup_stm32f427xx.o(.text)
    I2C3_ER_IRQHandler                       0x08000267   Thumb Code     0  startup_stm32f427xx.o(.text)
    I2C3_EV_IRQHandler                       0x08000267   Thumb Code     0  startup_stm32f427xx.o(.text)
    OTG_FS_IRQHandler                        0x08000267   Thumb Code     0  startup_stm32f427xx.o(.text)
    OTG_FS_WKUP_IRQHandler                   0x08000267   Thumb Code     0  startup_stm32f427xx.o(.text)
    OTG_HS_EP1_IN_IRQHandler                 0x08000267   Thumb Code     0  startup_stm32f427xx.o(.text)
    OTG_HS_EP1_OUT_IRQHandler                0x08000267   Thumb Code     0  startup_stm32f427xx.o(.text)
    OTG_HS_IRQHandler                        0x08000267   Thumb Code     0  startup_stm32f427xx.o(.text)
    OTG_HS_WKUP_IRQHandler                   0x08000267   Thumb Code     0  startup_stm32f427xx.o(.text)
    PVD_IRQHandler                           0x08000267   Thumb Code     0  startup_stm32f427xx.o(.text)
    RCC_IRQHandler                           0x08000267   Thumb Code     0  startup_stm32f427xx.o(.text)
    RTC_Alarm_IRQHandler                     0x08000267   Thumb Code     0  startup_stm32f427xx.o(.text)
    RTC_WKUP_IRQHandler                      0x08000267   Thumb Code     0  startup_stm32f427xx.o(.text)
    SAI1_IRQHandler                          0x08000267   Thumb Code     0  startup_stm32f427xx.o(.text)
    SDIO_IRQHandler                          0x08000267   Thumb Code     0  startup_stm32f427xx.o(.text)
    SPI1_IRQHandler                          0x08000267   Thumb Code     0  startup_stm32f427xx.o(.text)
    SPI2_IRQHandler                          0x08000267   Thumb Code     0  startup_stm32f427xx.o(.text)
    SPI3_IRQHandler                          0x08000267   Thumb Code     0  startup_stm32f427xx.o(.text)
    SPI4_IRQHandler                          0x08000267   Thumb Code     0  startup_stm32f427xx.o(.text)
    SPI5_IRQHandler                          0x08000267   Thumb Code     0  startup_stm32f427xx.o(.text)
    SPI6_IRQHandler                          0x08000267   Thumb Code     0  startup_stm32f427xx.o(.text)
    TAMP_STAMP_IRQHandler                    0x08000267   Thumb Code     0  startup_stm32f427xx.o(.text)
    TIM1_BRK_TIM9_IRQHandler                 0x08000267   Thumb Code     0  startup_stm32f427xx.o(.text)
    TIM1_CC_IRQHandler                       0x08000267   Thumb Code     0  startup_stm32f427xx.o(.text)
    TIM1_TRG_COM_TIM11_IRQHandler            0x08000267   Thumb Code     0  startup_stm32f427xx.o(.text)
    TIM1_UP_TIM10_IRQHandler                 0x08000267   Thumb Code     0  startup_stm32f427xx.o(.text)
    TIM2_IRQHandler                          0x08000267   Thumb Code     0  startup_stm32f427xx.o(.text)
    TIM3_IRQHandler                          0x08000267   Thumb Code     0  startup_stm32f427xx.o(.text)
    TIM4_IRQHandler                          0x08000267   Thumb Code     0  startup_stm32f427xx.o(.text)
    TIM5_IRQHandler                          0x08000267   Thumb Code     0  startup_stm32f427xx.o(.text)
    TIM6_DAC_IRQHandler                      0x08000267   Thumb Code     0  startup_stm32f427xx.o(.text)
    TIM7_IRQHandler                          0x08000267   Thumb Code     0  startup_stm32f427xx.o(.text)
    TIM8_BRK_TIM12_IRQHandler                0x08000267   Thumb Code     0  startup_stm32f427xx.o(.text)
    TIM8_CC_IRQHandler                       0x08000267   Thumb Code     0  startup_stm32f427xx.o(.text)
    TIM8_TRG_COM_TIM14_IRQHandler            0x08000267   Thumb Code     0  startup_stm32f427xx.o(.text)
    TIM8_UP_TIM13_IRQHandler                 0x08000267   Thumb Code     0  startup_stm32f427xx.o(.text)
    UART4_IRQHandler                         0x08000267   Thumb Code     0  startup_stm32f427xx.o(.text)
    UART5_IRQHandler                         0x08000267   Thumb Code     0  startup_stm32f427xx.o(.text)
    UART7_IRQHandler                         0x08000267   Thumb Code     0  startup_stm32f427xx.o(.text)
    UART8_IRQHandler                         0x08000267   Thumb Code     0  startup_stm32f427xx.o(.text)
    USART2_IRQHandler                        0x08000267   Thumb Code     0  startup_stm32f427xx.o(.text)
    USART3_IRQHandler                        0x08000267   Thumb Code     0  startup_stm32f427xx.o(.text)
    WWDG_IRQHandler                          0x08000267   Thumb Code     0  startup_stm32f427xx.o(.text)
    __user_initial_stackheap                 0x08000269   Thumb Code     0  startup_stm32f427xx.o(.text)
    __use_no_semihosting                     0x0800028d   Thumb Code     2  use_no_semi_2.o(.text)
    __aeabi_memcpy4                          0x0800028f   Thumb Code     0  rt_memcpy_w.o(.text)
    __aeabi_memcpy8                          0x0800028f   Thumb Code     0  rt_memcpy_w.o(.text)
    __rt_memcpy_w                            0x0800028f   Thumb Code   100  rt_memcpy_w.o(.text)
    _memcpy_lastbytes_aligned                0x080002d7   Thumb Code     0  rt_memcpy_w.o(.text)
    __aeabi_memset                           0x080002f3   Thumb Code    16  aeabi_memset.o(.text)
    __aeabi_memclr                           0x08000303   Thumb Code     0  rt_memclr.o(.text)
    __rt_memclr                              0x08000303   Thumb Code    68  rt_memclr.o(.text)
    _memset                                  0x08000307   Thumb Code     0  rt_memclr.o(.text)
    __use_two_region_memory                  0x08000347   Thumb Code     2  heapauxi.o(.text)
    __rt_heap_escrow$2region                 0x08000349   Thumb Code     2  heapauxi.o(.text)
    __rt_heap_expand$2region                 0x0800034b   Thumb Code     2  heapauxi.o(.text)
    __I$use$semihosting                      0x0800034d   Thumb Code     0  use_no_semi.o(.text)
    __use_no_semihosting_swi                 0x0800034d   Thumb Code     2  use_no_semi.o(.text)
    __aeabi_memclr4                          0x0800034f   Thumb Code     0  rt_memclr_w.o(.text)
    __aeabi_memclr8                          0x0800034f   Thumb Code     0  rt_memclr_w.o(.text)
    __rt_memclr_w                            0x0800034f   Thumb Code    78  rt_memclr_w.o(.text)
    _memset_w                                0x08000353   Thumb Code     0  rt_memclr_w.o(.text)
    __user_setup_stackheap                   0x0800039d   Thumb Code    74  sys_stackheap_outer.o(.text)
    exit                                     0x080003e7   Thumb Code    18  exit.o(.text)
    __user_libspace                          0x080003f9   Thumb Code     8  libspace.o(.text)
    __user_perproc_libspace                  0x080003f9   Thumb Code     0  libspace.o(.text)
    __user_perthread_libspace                0x080003f9   Thumb Code     0  libspace.o(.text)
    Arrive                                   0x08000401   Thumb Code   102  trace.o(i.Arrive)
    Astar                                    0x08000479   Thumb Code   714  astar.o(i.Astar)
    Astar_Init                               0x0800074d   Thumb Code    24  astar.o(i.Astar_Init)
    BSP_Init                                 0x0800076d   Thumb Code    40  main.o(i.BSP_Init)
    Beep_Init                                0x08000795   Thumb Code   150  beep.o(i.Beep_Init)
    BusFault_Handler                         0x08000835   Thumb Code     4  stm32f4xx_it.o(i.BusFault_Handler)
    CAN12_Init                               0x08000839   Thumb Code    12  can.o(i.CAN12_Init)
    CAN1_Init                                0x08000845   Thumb Code   276  can.o(i.CAN1_Init)
    CAN1_RX0_IRQHandler                      0x08000961   Thumb Code   118  can_handle.o(i.CAN1_RX0_IRQHandler)
    CAN1_TX_Chassis                          0x080009e5   Thumb Code   148  can_handle.o(i.CAN1_TX_Chassis)
    CAN1_TX_IRQHandler                       0x08000a89   Thumb Code    28  can_handle.o(i.CAN1_TX_IRQHandler)
    CAN2_Init                                0x08000aad   Thumb Code   290  can.o(i.CAN2_Init)
    CAN2_RX0_IRQHandler                      0x08000bd9   Thumb Code    68  can_handle.o(i.CAN2_RX0_IRQHandler)
    CAN2_TX_IRQHandler                       0x08000c25   Thumb Code    28  can_handle.o(i.CAN2_TX_IRQHandler)
    CAN_ClearITPendingBit                    0x08000c49   Thumb Code   162  stm32f4xx_can.o(i.CAN_ClearITPendingBit)
    CAN_Data_Decode                          0x08000cf1   Thumb Code    80  can_handle.o(i.CAN_Data_Decode)
    CAN_DeInit                               0x08000d41   Thumb Code    50  stm32f4xx_can.o(i.CAN_DeInit)
    CAN_FilterInit                           0x08000d79   Thumb Code   258  stm32f4xx_can.o(i.CAN_FilterInit)
    CAN_GetITStatus                          0x08000e81   Thumb Code   284  stm32f4xx_can.o(i.CAN_GetITStatus)
    CAN_ITConfig                             0x08000fa1   Thumb Code    18  stm32f4xx_can.o(i.CAN_ITConfig)
    CAN_Init                                 0x08000fb3   Thumb Code   276  stm32f4xx_can.o(i.CAN_Init)
    CAN_Receive                              0x080010c7   Thumb Code   240  stm32f4xx_can.o(i.CAN_Receive)
    CAN_StructInit                           0x080011b7   Thumb Code    32  stm32f4xx_can.o(i.CAN_StructInit)
    CAN_Transmit                             0x080011d7   Thumb Code   294  stm32f4xx_can.o(i.CAN_Transmit)
    Chassis_Init                             0x080012fd   Thumb Code    74  chassis.o(i.Chassis_Init)
    Chassis_Stop                             0x08001359   Thumb Code    68  chassis.o(i.Chassis_Stop)
    DMA_Cmd                                  0x080013bb   Thumb Code    22  stm32f4xx_dma.o(i.DMA_Cmd)
    DMA_GetCurrDataCounter                   0x080013d1   Thumb Code     8  stm32f4xx_dma.o(i.DMA_GetCurrDataCounter)
    DMA_GetCurrentMemoryTarget               0x080013d9   Thumb Code    20  stm32f4xx_dma.o(i.DMA_GetCurrentMemoryTarget)
    DMA_SetCurrDataCounter                   0x080013ed   Thumb Code     4  stm32f4xx_dma.o(i.DMA_SetCurrDataCounter)
    DR16_DataDecode                          0x080013f1   Thumb Code   182  dr16.o(i.DR16_DataDecode)
    DebugMon_Handler                         0x080014ad   Thumb Code     2  stm32f4xx_it.o(i.DebugMon_Handler)
    Drive                                    0x080014b1   Thumb Code   394  trace.o(i.Drive)
    GPIO_Init                                0x08001655   Thumb Code   144  stm32f4xx_gpio.o(i.GPIO_Init)
    GPIO_PinAFConfig                         0x080016e5   Thumb Code    70  stm32f4xx_gpio.o(i.GPIO_PinAFConfig)
    GPIO_ReadInputDataBit                    0x0800172b   Thumb Code    18  stm32f4xx_gpio.o(i.GPIO_ReadInputDataBit)
    GPIO_ResetBits                           0x0800173d   Thumb Code     4  stm32f4xx_gpio.o(i.GPIO_ResetBits)
    GPIO_SetBits                             0x08001741   Thumb Code     4  stm32f4xx_gpio.o(i.GPIO_SetBits)
    Gray_Init                                0x08001745   Thumb Code   106  gray.o(i.Gray_Init)
    HardFault_Handler                        0x080017c1   Thumb Code     4  stm32f4xx_it.o(i.HardFault_Handler)
    Infrared_Init                            0x080017c5   Thumb Code    76  infrared.o(i.Infrared_Init)
    LED_Init                                 0x0800181d   Thumb Code   104  led.o(i.LED_Init)
    MemManage_Handler                        0x0800188d   Thumb Code     4  stm32f4xx_it.o(i.MemManage_Handler)
    Mib_Car                                  0x08001891   Thumb Code   530  main.o(i.Mib_Car)
    Move                                     0x08001ad1   Thumb Code   260  trace.o(i.Move)
    NMI_Handler                              0x08001bd9   Thumb Code     2  stm32f4xx_it.o(i.NMI_Handler)
    NVIC_Init                                0x08001bdd   Thumb Code   106  misc.o(i.NVIC_Init)
    NVIC_PriorityGroupConfig                 0x08001c55   Thumb Code    10  misc.o(i.NVIC_PriorityGroupConfig)
    PID_Calc                                 0x08001c69   Thumb Code   122  chassis.o(i.PID_Calc)
    Power_Init                               0x08001ced   Thumb Code    50  power.o(i.Power_Init)
    RCC_AHB1PeriphClockCmd                   0x08001d25   Thumb Code    26  stm32f4xx_rcc.o(i.RCC_AHB1PeriphClockCmd)
    RCC_APB1PeriphClockCmd                   0x08001d45   Thumb Code    26  stm32f4xx_rcc.o(i.RCC_APB1PeriphClockCmd)
    RCC_APB1PeriphResetCmd                   0x08001d65   Thumb Code    26  stm32f4xx_rcc.o(i.RCC_APB1PeriphResetCmd)
    Servo_Init                               0x08001d85   Thumb Code    20  servo.o(i.Servo_Init)
    SetChassis                               0x08001d99   Thumb Code   910  chassis.o(i.SetChassis)
    SysTick_CLKSourceConfig                  0x08002261   Thumb Code    40  misc.o(i.SysTick_CLKSourceConfig)
    SystemInit                               0x08002289   Thumb Code    88  system_stm32f4xx.o(i.SystemInit)
    TIM2_PWM_Init                            0x080022f1   Thumb Code   154  servo.o(i.TIM2_PWM_Init)
    TIM_ARRPreloadConfig                     0x08002391   Thumb Code    24  stm32f4xx_tim.o(i.TIM_ARRPreloadConfig)
    TIM_Cmd                                  0x080023a9   Thumb Code    24  stm32f4xx_tim.o(i.TIM_Cmd)
    TIM_OC1Init                              0x080023c1   Thumb Code   114  stm32f4xx_tim.o(i.TIM_OC1Init)
    TIM_OC1PreloadConfig                     0x0800243d   Thumb Code    18  stm32f4xx_tim.o(i.TIM_OC1PreloadConfig)
    TIM_OC2Init                              0x08002451   Thumb Code   154  stm32f4xx_tim.o(i.TIM_OC2Init)
    TIM_OC2PreloadConfig                     0x080024f5   Thumb Code    26  stm32f4xx_tim.o(i.TIM_OC2PreloadConfig)
    TIM_SetCompare2                          0x0800250f   Thumb Code     4  stm32f4xx_tim.o(i.TIM_SetCompare2)
    TIM_TimeBaseInit                         0x08002515   Thumb Code   104  stm32f4xx_tim.o(i.TIM_TimeBaseInit)
    USART1_IRQHandler                        0x08002599   Thumb Code   124  dr16.o(i.USART1_IRQHandler)
    USART6_IRQHandler                        0x08002621   Thumb Code   122  usart.o(i.USART6_IRQHandler)
    USART_GetITStatus                        0x080026a9   Thumb Code    84  stm32f4xx_usart.o(i.USART_GetITStatus)
    USART_ReceiveData                        0x080026fd   Thumb Code    10  stm32f4xx_usart.o(i.USART_ReceiveData)
    UsageFault_Handler                       0x08002707   Thumb Code     4  stm32f4xx_it.o(i.UsageFault_Handler)
    __hardfp_fabs                            0x0800270b   Thumb Code    20  fabs.o(i.__hardfp_fabs)
    __hardfp_fmax                            0x0800271f   Thumb Code   116  fmax.o(i.__hardfp_fmax)
    _sys_exit                                0x08002793   Thumb Code     4  usart.o(i._sys_exit)
    antiF                                    0x08002799   Thumb Code   370  trace.o(i.antiF)
    code                                     0x08002919   Thumb Code    10  astar.o(i.code)
    decode                                   0x08002923   Thumb Code    24  astar.o(i.decode)
    delay_init                               0x0800293d   Thumb Code    38  delay.o(i.delay_init)
    delay_ms                                 0x0800296d   Thumb Code    56  delay.o(i.delay_ms)
    delay_xms                                0x080029a5   Thumb Code    72  delay.o(i.delay_xms)
    empty                                    0x080029f1   Thumb Code    20  astar.o(i.empty)
    findWay                                  0x08002a0d   Thumb Code   158  astar.o(i.findWay)
    front                                    0x08002ac5   Thumb Code    12  astar.o(i.front)
    getNext                                  0x08002ad9   Thumb Code    60  astar.o(i.getNext)
    inf_isUp                                 0x08002b15   Thumb Code    68  infrared.o(i.inf_isUp)
    invalid                                  0x08002b61   Thumb Code    42  astar.o(i.invalid)
    isUp                                     0x08002b91   Thumb Code    68  gray.o(i.isUp)
    main                                     0x08002bdd   Thumb Code    90  main.o(i.main)
    pop                                      0x08002c3d   Thumb Code    20  astar.o(i.pop)
    push                                     0x08002c55   Thumb Code    34  astar.o(i.push)
    update                                   0x08002c81   Thumb Code   244  astar.o(i.update)
    __aeabi_dadd                             0x08002d89   Thumb Code     0  daddsub_clz.o(x$fpl$dadd)
    _dadd                                    0x08002d89   Thumb Code   332  daddsub_clz.o(x$fpl$dadd)
    __dcmp4                                  0x08002ed9   Thumb Code    98  dcmp4.o(x$fpl$dcmp4)
    __ARM_dcmp4                              0x08002f3b   Thumb Code     0  dcmp4.o(x$fpl$dcmp4)
    _dcmp4                                   0x08002f3b   Thumb Code    60  dcmp4.o(x$fpl$dcmp4)
    __dcmp4e                                 0x08002f77   Thumb Code    98  dcmp4.o(x$fpl$dcmp4)
    __ARM_dcmp4e                             0x08002fd9   Thumb Code     0  dcmp4.o(x$fpl$dcmp4)
    _dcmp4e                                  0x08002fd9   Thumb Code    54  dcmp4.o(x$fpl$dcmp4)
    __fpl_dcmp_Inf                           0x0800300f   Thumb Code    24  dcmpi.o(x$fpl$dcmpinf)
    __aeabi_ddiv                             0x08003029   Thumb Code     0  ddiv.o(x$fpl$ddiv)
    _ddiv                                    0x08003029   Thumb Code   552  ddiv.o(x$fpl$ddiv)
    __aeabi_d2iz                             0x080032d9   Thumb Code     0  dfix.o(x$fpl$dfix)
    _dfix                                    0x080032d9   Thumb Code    94  dfix.o(x$fpl$dfix)
    __aeabi_i2d                              0x08003337   Thumb Code     0  dflt_clz.o(x$fpl$dflt)
    _dflt                                    0x08003337   Thumb Code    46  dflt_clz.o(x$fpl$dflt)
    __fpl_dnaninf                            0x08003365   Thumb Code   156  dnaninf.o(x$fpl$dnaninf)
    __fpl_dretinf                            0x08003401   Thumb Code    12  dretinf.o(x$fpl$dretinf)
    __aeabi_dsub                             0x0800340d   Thumb Code     0  daddsub_clz.o(x$fpl$dsub)
    _dsub                                    0x0800340d   Thumb Code   464  daddsub_clz.o(x$fpl$dsub)
    _fp_init                                 0x080035e1   Thumb Code    10  fpinit.o(x$fpl$fpinit)
    __fplib_config_fpu_vfp                   0x080035e9   Thumb Code     0  fpinit.o(x$fpl$fpinit)
    __fplib_config_pureend_doubles           0x080035e9   Thumb Code     0  fpinit.o(x$fpl$fpinit)
    __I$use$fp                               0x080035ea   Number         0  usenofp.o(x$fpl$usenofp)
    Region$$Table$$Base                      0x080035ec   Number         0  anon$$obj.o(Region$$Table)
    Region$$Table$$Limit                     0x0800360c   Number         0  anon$$obj.o(Region$$Table)
    CAN1_Tx_Message_Flag                     0x20000010   Data           1  can_handle.o(.data)
    CAN2_Tx_Message_Flag                     0x20000011   Data           1  can_handle.o(.data)
    CAN1_Signal                              0x20000014   Data           4  can_handle.o(.data)
    CAN2_Signal                              0x20000018   Data           4  can_handle.o(.data)
    head                                     0x20000034   Data           4  astar.o(.data)
    last                                     0x20000038   Data           4  astar.o(.data)
    __stdout                                 0x20000040   Data           4  usart.o(.data)
    USART_RX_STA                             0x20000044   Data           2  usart.o(.data)
    CAN_Chassis                              0x20000048   Data         144  can_handle.o(.bss)
    DBUS                                     0x200000fc   Data          58  dr16.o(.bss)
    motor_PID                                0x20000138   Data          80  chassis.o(.bss)
    kown                                     0x200001e0   Data          80  astar.o(.bss)
    able                                     0x20000230   Data          80  astar.o(.bss)
    way                                      0x20000280   Data         160  astar.o(.bss)
    dis                                      0x20000320   Data         160  astar.o(.bss)
    data                                     0x200003c0   Data         180  astar.o(.bss)
    USART_RX_BUF                             0x20000474   Data         200  usart.o(.bss)
    __libspace_start                         0x2000053c   Data          96  libspace.o(.bss)
    __temporary_stack_top$libspace           0x2000059c   Data           0  libspace.o(.bss)



==============================================================================

Memory Map of the image

  Image Entry point : 0x080001ad

  Load Region LR_IROM1 (Base: 0x08000000, Size: 0x00003654, Max: 0x00200000, ABSOLUTE)

    Execution Region ER_IROM1 (Exec base: 0x08000000, Load base: 0x08000000, Size: 0x0000360c, Max: 0x00200000, ABSOLUTE)

    Exec Addr    Load Addr    Size         Type   Attr      Idx    E Section Name        Object

    0x08000000   0x08000000   0x000001ac   Data   RO         2705    RESET               startup_stm32f427xx.o
    0x080001ac   0x080001ac   0x00000008   Code   RO         2751  * !!!main             c_w.l(__main.o)
    0x080001b4   0x080001b4   0x00000034   Code   RO         2949    !!!scatter          c_w.l(__scatter.o)
    0x080001e8   0x080001e8   0x0000001a   Code   RO         2951    !!handler_copy      c_w.l(__scatter_copy.o)
    0x08000202   0x08000202   0x00000002   PAD
    0x08000204   0x08000204   0x0000001c   Code   RO         2953    !!handler_zi        c_w.l(__scatter_zi.o)
    0x08000220   0x08000220   0x00000002   Code   RO         2821    .ARM.Collect$$libinit$$00000000  c_w.l(libinit.o)
    0x08000222   0x08000222   0x00000004   Code   RO         2827    .ARM.Collect$$libinit$$00000001  c_w.l(libinit2.o)
    0x08000226   0x08000226   0x00000000   Code   RO         2830    .ARM.Collect$$libinit$$00000004  c_w.l(libinit2.o)
    0x08000226   0x08000226   0x00000000   Code   RO         2833    .ARM.Collect$$libinit$$0000000A  c_w.l(libinit2.o)
    0x08000226   0x08000226   0x00000000   Code   RO         2835    .ARM.Collect$$libinit$$0000000C  c_w.l(libinit2.o)
    0x08000226   0x08000226   0x00000000   Code   RO         2837    .ARM.Collect$$libinit$$0000000E  c_w.l(libinit2.o)
    0x08000226   0x08000226   0x00000000   Code   RO         2840    .ARM.Collect$$libinit$$00000011  c_w.l(libinit2.o)
    0x08000226   0x08000226   0x00000000   Code   RO         2842    .ARM.Collect$$libinit$$00000013  c_w.l(libinit2.o)
    0x08000226   0x08000226   0x00000000   Code   RO         2844    .ARM.Collect$$libinit$$00000015  c_w.l(libinit2.o)
    0x08000226   0x08000226   0x00000000   Code   RO         2846    .ARM.Collect$$libinit$$00000017  c_w.l(libinit2.o)
    0x08000226   0x08000226   0x00000000   Code   RO         2848    .ARM.Collect$$libinit$$00000019  c_w.l(libinit2.o)
    0x08000226   0x08000226   0x00000000   Code   RO         2850    .ARM.Collect$$libinit$$0000001B  c_w.l(libinit2.o)
    0x08000226   0x08000226   0x00000000   Code   RO         2852    .ARM.Collect$$libinit$$0000001D  c_w.l(libinit2.o)
    0x08000226   0x08000226   0x00000000   Code   RO         2854    .ARM.Collect$$libinit$$0000001F  c_w.l(libinit2.o)
    0x08000226   0x08000226   0x00000000   Code   RO         2856    .ARM.Collect$$libinit$$00000021  c_w.l(libinit2.o)
    0x08000226   0x08000226   0x00000000   Code   RO         2858    .ARM.Collect$$libinit$$00000023  c_w.l(libinit2.o)
    0x08000226   0x08000226   0x00000000   Code   RO         2860    .ARM.Collect$$libinit$$00000025  c_w.l(libinit2.o)
    0x08000226   0x08000226   0x00000000   Code   RO         2864    .ARM.Collect$$libinit$$0000002C  c_w.l(libinit2.o)
    0x08000226   0x08000226   0x00000000   Code   RO         2866    .ARM.Collect$$libinit$$0000002E  c_w.l(libinit2.o)
    0x08000226   0x08000226   0x00000000   Code   RO         2868    .ARM.Collect$$libinit$$00000030  c_w.l(libinit2.o)
    0x08000226   0x08000226   0x00000000   Code   RO         2870    .ARM.Collect$$libinit$$00000032  c_w.l(libinit2.o)
    0x08000226   0x08000226   0x00000002   Code   RO         2871    .ARM.Collect$$libinit$$00000033  c_w.l(libinit2.o)
    0x08000228   0x08000228   0x00000002   Code   RO         2889    .ARM.Collect$$libshutdown$$00000000  c_w.l(libshutdown.o)
    0x0800022a   0x0800022a   0x00000000   Code   RO         2899    .ARM.Collect$$libshutdown$$00000002  c_w.l(libshutdown2.o)
    0x0800022a   0x0800022a   0x00000000   Code   RO         2901    .ARM.Collect$$libshutdown$$00000004  c_w.l(libshutdown2.o)
    0x0800022a   0x0800022a   0x00000000   Code   RO         2903    .ARM.Collect$$libshutdown$$00000006  c_w.l(libshutdown2.o)
    0x0800022a   0x0800022a   0x00000000   Code   RO         2906    .ARM.Collect$$libshutdown$$00000009  c_w.l(libshutdown2.o)
    0x0800022a   0x0800022a   0x00000000   Code   RO         2909    .ARM.Collect$$libshutdown$$0000000C  c_w.l(libshutdown2.o)
    0x0800022a   0x0800022a   0x00000000   Code   RO         2911    .ARM.Collect$$libshutdown$$0000000E  c_w.l(libshutdown2.o)
    0x0800022a   0x0800022a   0x00000000   Code   RO         2914    .ARM.Collect$$libshutdown$$00000011  c_w.l(libshutdown2.o)
    0x0800022a   0x0800022a   0x00000002   Code   RO         2915    .ARM.Collect$$libshutdown$$00000012  c_w.l(libshutdown2.o)
    0x0800022c   0x0800022c   0x00000000   Code   RO         2785    .ARM.Collect$$rtentry$$00000000  c_w.l(__rtentry.o)
    0x0800022c   0x0800022c   0x00000000   Code   RO         2796    .ARM.Collect$$rtentry$$00000002  c_w.l(__rtentry2.o)
    0x0800022c   0x0800022c   0x00000006   Code   RO         2808    .ARM.Collect$$rtentry$$00000004  c_w.l(__rtentry4.o)
    0x08000232   0x08000232   0x00000000   Code   RO         2798    .ARM.Collect$$rtentry$$00000009  c_w.l(__rtentry2.o)
    0x08000232   0x08000232   0x00000004   Code   RO         2799    .ARM.Collect$$rtentry$$0000000A  c_w.l(__rtentry2.o)
    0x08000236   0x08000236   0x00000000   Code   RO         2801    .ARM.Collect$$rtentry$$0000000C  c_w.l(__rtentry2.o)
    0x08000236   0x08000236   0x00000008   Code   RO         2802    .ARM.Collect$$rtentry$$0000000D  c_w.l(__rtentry2.o)
    0x0800023e   0x0800023e   0x00000002   Code   RO         2825    .ARM.Collect$$rtexit$$00000000  c_w.l(rtexit.o)
    0x08000240   0x08000240   0x00000000   Code   RO         2873    .ARM.Collect$$rtexit$$00000002  c_w.l(rtexit2.o)
    0x08000240   0x08000240   0x00000004   Code   RO         2874    .ARM.Collect$$rtexit$$00000003  c_w.l(rtexit2.o)
    0x08000244   0x08000244   0x00000006   Code   RO         2875    .ARM.Collect$$rtexit$$00000004  c_w.l(rtexit2.o)
    0x0800024a   0x0800024a   0x00000002   PAD
    0x0800024c   0x0800024c   0x00000040   Code   RO         2706    .text               startup_stm32f427xx.o
    0x0800028c   0x0800028c   0x00000002   Code   RO         2741    .text               c_w.l(use_no_semi_2.o)
    0x0800028e   0x0800028e   0x00000064   Code   RO         2743    .text               c_w.l(rt_memcpy_w.o)
    0x080002f2   0x080002f2   0x00000010   Code   RO         2745    .text               c_w.l(aeabi_memset.o)
    0x08000302   0x08000302   0x00000044   Code   RO         2747    .text               c_w.l(rt_memclr.o)
    0x08000346   0x08000346   0x00000006   Code   RO         2749    .text               c_w.l(heapauxi.o)
    0x0800034c   0x0800034c   0x00000002   Code   RO         2783    .text               c_w.l(use_no_semi.o)
    0x0800034e   0x0800034e   0x0000004e   Code   RO         2786    .text               c_w.l(rt_memclr_w.o)
    0x0800039c   0x0800039c   0x0000004a   Code   RO         2812    .text               c_w.l(sys_stackheap_outer.o)
    0x080003e6   0x080003e6   0x00000012   Code   RO         2814    .text               c_w.l(exit.o)
    0x080003f8   0x080003f8   0x00000008   Code   RO         2822    .text               c_w.l(libspace.o)
    0x08000400   0x08000400   0x00000078   Code   RO          609    i.Arrive            trace.o
    0x08000478   0x08000478   0x000002d4   Code   RO          676    i.Astar             astar.o
    0x0800074c   0x0800074c   0x00000020   Code   RO          677    i.Astar_Init        astar.o
    0x0800076c   0x0800076c   0x00000028   Code   RO            3    i.BSP_Init          main.o
    0x08000794   0x08000794   0x000000a0   Code   RO          537    i.Beep_Init         beep.o
    0x08000834   0x08000834   0x00000004   Code   RO          204    i.BusFault_Handler  stm32f4xx_it.o
    0x08000838   0x08000838   0x0000000c   Code   RO          349    i.CAN12_Init        can.o
    0x08000844   0x08000844   0x0000011c   Code   RO          350    i.CAN1_Init         can.o
    0x08000960   0x08000960   0x00000084   Code   RO          381    i.CAN1_RX0_IRQHandler  can_handle.o
    0x080009e4   0x080009e4   0x000000a4   Code   RO          382    i.CAN1_TX_Chassis   can_handle.o
    0x08000a88   0x08000a88   0x00000024   Code   RO          383    i.CAN1_TX_IRQHandler  can_handle.o
    0x08000aac   0x08000aac   0x0000012c   Code   RO          351    i.CAN2_Init         can.o
    0x08000bd8   0x08000bd8   0x0000004c   Code   RO          384    i.CAN2_RX0_IRQHandler  can_handle.o
    0x08000c24   0x08000c24   0x00000024   Code   RO          385    i.CAN2_TX_IRQHandler  can_handle.o
    0x08000c48   0x08000c48   0x000000a8   Code   RO         1521    i.CAN_ClearITPendingBit  stm32f4xx_can.o
    0x08000cf0   0x08000cf0   0x00000050   Code   RO          386    i.CAN_Data_Decode   can_handle.o
    0x08000d40   0x08000d40   0x00000038   Code   RO         1523    i.CAN_DeInit        stm32f4xx_can.o
    0x08000d78   0x08000d78   0x00000108   Code   RO         1525    i.CAN_FilterInit    stm32f4xx_can.o
    0x08000e80   0x08000e80   0x00000120   Code   RO         1527    i.CAN_GetITStatus   stm32f4xx_can.o
    0x08000fa0   0x08000fa0   0x00000012   Code   RO         1531    i.CAN_ITConfig      stm32f4xx_can.o
    0x08000fb2   0x08000fb2   0x00000114   Code   RO         1532    i.CAN_Init          stm32f4xx_can.o
    0x080010c6   0x080010c6   0x000000f0   Code   RO         1535    i.CAN_Receive       stm32f4xx_can.o
    0x080011b6   0x080011b6   0x00000020   Code   RO         1538    i.CAN_StructInit    stm32f4xx_can.o
    0x080011d6   0x080011d6   0x00000126   Code   RO         1540    i.CAN_Transmit      stm32f4xx_can.o
    0x080012fc   0x080012fc   0x0000005c   Code   RO          494    i.Chassis_Init      chassis.o
    0x08001358   0x08001358   0x00000050   Code   RO          495    i.Chassis_Stop      chassis.o
    0x080013a8   0x080013a8   0x00000012   Code   RO         1543    i.CheckITStatus     stm32f4xx_can.o
    0x080013ba   0x080013ba   0x00000016   Code   RO         1684    i.DMA_Cmd           stm32f4xx_dma.o
    0x080013d0   0x080013d0   0x00000008   Code   RO         1690    i.DMA_GetCurrDataCounter  stm32f4xx_dma.o
    0x080013d8   0x080013d8   0x00000014   Code   RO         1691    i.DMA_GetCurrentMemoryTarget  stm32f4xx_dma.o
    0x080013ec   0x080013ec   0x00000004   Code   RO         1699    i.DMA_SetCurrDataCounter  stm32f4xx_dma.o
    0x080013f0   0x080013f0   0x000000bc   Code   RO          438    i.DR16_DataDecode   dr16.o
    0x080014ac   0x080014ac   0x00000002   Code   RO          205    i.DebugMon_Handler  stm32f4xx_it.o
    0x080014ae   0x080014ae   0x00000002   PAD
    0x080014b0   0x080014b0   0x000001a4   Code   RO          610    i.Drive             trace.o
    0x08001654   0x08001654   0x00000090   Code   RO          844    i.GPIO_Init         stm32f4xx_gpio.o
    0x080016e4   0x080016e4   0x00000046   Code   RO          845    i.GPIO_PinAFConfig  stm32f4xx_gpio.o
    0x0800172a   0x0800172a   0x00000012   Code   RO          848    i.GPIO_ReadInputDataBit  stm32f4xx_gpio.o
    0x0800173c   0x0800173c   0x00000004   Code   RO          851    i.GPIO_ResetBits    stm32f4xx_gpio.o
    0x08001740   0x08001740   0x00000004   Code   RO          852    i.GPIO_SetBits      stm32f4xx_gpio.o
    0x08001744   0x08001744   0x0000007c   Code   RO          582    i.Gray_Init         gray.o
    0x080017c0   0x080017c0   0x00000004   Code   RO          206    i.HardFault_Handler  stm32f4xx_it.o
    0x080017c4   0x080017c4   0x00000058   Code   RO          648    i.Infrared_Init     infrared.o
    0x0800181c   0x0800181c   0x00000070   Code   RO          320    i.LED_Init          led.o
    0x0800188c   0x0800188c   0x00000004   Code   RO          207    i.MemManage_Handler  stm32f4xx_it.o
    0x08001890   0x08001890   0x00000240   Code   RO            4    i.Mib_Car           main.o
    0x08001ad0   0x08001ad0   0x00000108   Code   RO          611    i.Move              trace.o
    0x08001bd8   0x08001bd8   0x00000002   Code   RO          208    i.NMI_Handler       stm32f4xx_it.o
    0x08001bda   0x08001bda   0x00000002   PAD
    0x08001bdc   0x08001bdc   0x00000078   Code   RO          799    i.NVIC_Init         misc.o
    0x08001c54   0x08001c54   0x00000014   Code   RO          800    i.NVIC_PriorityGroupConfig  misc.o
    0x08001c68   0x08001c68   0x00000084   Code   RO          496    i.PID_Calc          chassis.o
    0x08001cec   0x08001cec   0x00000038   Code   RO          562    i.Power_Init        power.o
    0x08001d24   0x08001d24   0x00000020   Code   RO          941    i.RCC_AHB1PeriphClockCmd  stm32f4xx_rcc.o
    0x08001d44   0x08001d44   0x00000020   Code   RO          950    i.RCC_APB1PeriphClockCmd  stm32f4xx_rcc.o
    0x08001d64   0x08001d64   0x00000020   Code   RO          952    i.RCC_APB1PeriphResetCmd  stm32f4xx_rcc.o
    0x08001d84   0x08001d84   0x00000014   Code   RO          773    i.Servo_Init        servo.o
    0x08001d98   0x08001d98   0x000003a8   Code   RO          497    i.SetChassis        chassis.o
    0x08002140   0x08002140   0x00000120   Code   RO          283    i.SetSysClock       system_stm32f4xx.o
    0x08002260   0x08002260   0x00000028   Code   RO          803    i.SysTick_CLKSourceConfig  misc.o
    0x08002288   0x08002288   0x00000068   Code   RO          285    i.SystemInit        system_stm32f4xx.o
    0x080022f0   0x080022f0   0x000000a0   Code   RO          774    i.TIM2_PWM_Init     servo.o
    0x08002390   0x08002390   0x00000018   Code   RO         1814    i.TIM_ARRPreloadConfig  stm32f4xx_tim.o
    0x080023a8   0x080023a8   0x00000018   Code   RO         1826    i.TIM_Cmd           stm32f4xx_tim.o
    0x080023c0   0x080023c0   0x0000007c   Code   RO         1855    i.TIM_OC1Init       stm32f4xx_tim.o
    0x0800243c   0x0800243c   0x00000012   Code   RO         1858    i.TIM_OC1PreloadConfig  stm32f4xx_tim.o
    0x0800244e   0x0800244e   0x00000002   PAD
    0x08002450   0x08002450   0x000000a4   Code   RO         1860    i.TIM_OC2Init       stm32f4xx_tim.o
    0x080024f4   0x080024f4   0x0000001a   Code   RO         1863    i.TIM_OC2PreloadConfig  stm32f4xx_tim.o
    0x0800250e   0x0800250e   0x00000004   Code   RO         1889    i.TIM_SetCompare2   stm32f4xx_tim.o
    0x08002512   0x08002512   0x00000002   PAD
    0x08002514   0x08002514   0x00000084   Code   RO         1898    i.TIM_TimeBaseInit  stm32f4xx_tim.o
    0x08002598   0x08002598   0x00000088   Code   RO          441    i.USART1_IRQHandler  dr16.o
    0x08002620   0x08002620   0x00000088   Code   RO         2656    i.USART6_IRQHandler  usart.o
    0x080026a8   0x080026a8   0x00000054   Code   RO         1339    i.USART_GetITStatus  stm32f4xx_usart.o
    0x080026fc   0x080026fc   0x0000000a   Code   RO         1349    i.USART_ReceiveData  stm32f4xx_usart.o
    0x08002706   0x08002706   0x00000004   Code   RO          209    i.UsageFault_Handler  stm32f4xx_it.o
    0x0800270a   0x0800270a   0x00000014   Code   RO         2773    i.__hardfp_fabs     m_wm.l(fabs.o)
    0x0800271e   0x0800271e   0x00000074   Code   RO         2779    i.__hardfp_fmax     m_wm.l(fmax.o)
    0x08002792   0x08002792   0x00000004   Code   RO         2658    i._sys_exit         usart.o
    0x08002796   0x08002796   0x00000002   PAD
    0x08002798   0x08002798   0x00000180   Code   RO          612    i.antiF             trace.o
    0x08002918   0x08002918   0x0000000a   Code   RO          679    i.code              astar.o
    0x08002922   0x08002922   0x00000018   Code   RO          680    i.decode            astar.o
    0x0800293a   0x0800293a   0x00000002   PAD
    0x0800293c   0x0800293c   0x00000030   Code   RO         2598    i.delay_init        delay.o
    0x0800296c   0x0800296c   0x00000038   Code   RO         2599    i.delay_ms          delay.o
    0x080029a4   0x080029a4   0x0000004c   Code   RO         2601    i.delay_xms         delay.o
    0x080029f0   0x080029f0   0x0000001c   Code   RO          681    i.empty             astar.o
    0x08002a0c   0x08002a0c   0x000000b8   Code   RO          682    i.findWay           astar.o
    0x08002ac4   0x08002ac4   0x00000014   Code   RO          683    i.front             astar.o
    0x08002ad8   0x08002ad8   0x0000003c   Code   RO          684    i.getNext           astar.o
    0x08002b14   0x08002b14   0x0000004c   Code   RO          649    i.inf_isUp          infrared.o
    0x08002b60   0x08002b60   0x00000030   Code   RO          685    i.invalid           astar.o
    0x08002b90   0x08002b90   0x0000004c   Code   RO          583    i.isUp              gray.o
    0x08002bdc   0x08002bdc   0x00000060   Code   RO            5    i.main              main.o
    0x08002c3c   0x08002c3c   0x00000018   Code   RO          686    i.pop               astar.o
    0x08002c54   0x08002c54   0x0000002c   Code   RO          687    i.push              astar.o
    0x08002c80   0x08002c80   0x00000108   Code   RO          688    i.update            astar.o
    0x08002d88   0x08002d88   0x00000150   Code   RO         2753    x$fpl$dadd          fz_wm.l(daddsub_clz.o)
    0x08002ed8   0x08002ed8   0x00000136   Code   RO         2788    x$fpl$dcmp4         fz_wm.l(dcmp4.o)
    0x0800300e   0x0800300e   0x00000018   Code   RO         2810    x$fpl$dcmpinf       fz_wm.l(dcmpi.o)
    0x08003026   0x08003026   0x00000002   PAD
    0x08003028   0x08003028   0x000002b0   Code   RO         2760    x$fpl$ddiv          fz_wm.l(ddiv.o)
    0x080032d8   0x080032d8   0x0000005e   Code   RO         2763    x$fpl$dfix          fz_wm.l(dfix.o)
    0x08003336   0x08003336   0x0000002e   Code   RO         2768    x$fpl$dflt          fz_wm.l(dflt_clz.o)
    0x08003364   0x08003364   0x0000009c   Code   RO         2790    x$fpl$dnaninf       fz_wm.l(dnaninf.o)
    0x08003400   0x08003400   0x0000000c   Code   RO         2792    x$fpl$dretinf       fz_wm.l(dretinf.o)
    0x0800340c   0x0800340c   0x000001d4   Code   RO         2755    x$fpl$dsub          fz_wm.l(daddsub_clz.o)
    0x080035e0   0x080035e0   0x0000000a   Code   RO         2881    x$fpl$fpinit        fz_wm.l(fpinit.o)
    0x080035ea   0x080035ea   0x00000000   Code   RO         2794    x$fpl$usenofp       fz_wm.l(usenofp.o)
    0x080035ea   0x080035ea   0x00000002   PAD
    0x080035ec   0x080035ec   0x00000020   Data   RO         2947    Region$$Table       anon$$obj.o


    Execution Region RW_IRAM1 (Exec base: 0x20000000, Load base: 0x0800360c, Size: 0x00000ba0, Max: 0x00030000, ABSOLUTE)

    Exec Addr    Load Addr    Size         Type   Attr      Idx    E Section Name        Object

    0x20000000   0x0800360c   0x00000010   Data   RW            6    .data               main.o
    0x20000010   0x0800361c   0x0000000c   Data   RW          388    .data               can_handle.o
    0x2000001c   0x08003628   0x0000000c   Data   RW          499    .data               chassis.o
    0x20000028   0x08003634   0x00000004   Data   RW          613    .data               trace.o
    0x2000002c   0x08003638   0x00000008   Data   RW          651    .data               infrared.o
    0x20000034   0x08003640   0x00000008   Data   RW          691    .data               astar.o
    0x2000003c   0x08003648   0x00000004   Data   RW         2602    .data               delay.o
    0x20000040   0x0800364c   0x00000006   Data   RW         2661    .data               usart.o
    0x20000046   0x08003652   0x00000002   PAD
    0x20000048        -       0x00000090   Zero   RW          387    .bss                can_handle.o
    0x200000d8        -       0x0000005e   Zero   RW          444    .bss                dr16.o
    0x20000136   0x08003652   0x00000002   PAD
    0x20000138        -       0x00000050   Zero   RW          498    .bss                chassis.o
    0x20000188        -       0x00000048   Zero   RW          584    .bss                gray.o
    0x200001d0        -       0x00000010   Zero   RW          650    .bss                infrared.o
    0x200001e0        -       0x00000294   Zero   RW          689    .bss                astar.o
    0x20000474        -       0x000000c8   Zero   RW         2660    .bss                usart.o
    0x2000053c        -       0x00000060   Zero   RW         2823    .bss                c_w.l(libspace.o)
    0x2000059c   0x08003652   0x00000004   PAD
    0x200005a0        -       0x00000200   Zero   RW         2704    HEAP                startup_stm32f427xx.o
    0x200007a0        -       0x00000400   Zero   RW         2703    STACK               startup_stm32f427xx.o


==============================================================================

Image component sizes


      Code (inc. data)   RO Data    RW Data    ZI Data      Debug   Object Name

      1462        100          0          8        660       7961   astar.o
       160         10          0          0          0        688   beep.o
       596         18          0          0          0       2065   can.o
       524         54          0         12        144       4938   can_handle.o
      1240         66          0         12         80       3542   chassis.o
       180         14          0          4          0       1916   delay.o
       324         18          0          0         94       3053   dr16.o
       200         26          0          0         72       1195   gray.o
       164         20          0          8         16       1227   infrared.o
       112          8          0          0          0       1359   led.o
       712         52          0         16          0     295736   main.o
       180         24          0          0          0       2025   misc.o
        56          6          0          0          0        529   power.o
       180          6          0          0          0       1177   servo.o
        64         26        428          0       1536        820   startup_stm32f427xx.o
      1654         22          0          0          0       7400   stm32f4xx_can.o
        54          0          0          0          0       3433   stm32f4xx_dma.o
       240          0          0          0          0       3439   stm32f4xx_gpio.o
        20          0          0          0          0       2649   stm32f4xx_it.o
        96         18          0          0          0       1731   stm32f4xx_rcc.o
       516         48          0          0          0       5512   stm32f4xx_tim.o
        94          0          0          0          0       1952   stm32f4xx_usart.o
       392         32          0          0          0       1469   system_stm32f4xx.o
      1188         62          0          4          0       3580   trace.o
       140         14          0          6        200       2876   usart.o

    ----------------------------------------------------------------------
     10560        644        460         72       2804     362272   Object Totals
         0          0         32          0          0          0   (incl. Generated)
        12          0          0          2          2          0   (incl. Padding)

    ----------------------------------------------------------------------

      Code (inc. data)   RO Data    RW Data    ZI Data      Debug   Library Member Name

         8          0          0          0          0         68   __main.o
         0          0          0          0          0          0   __rtentry.o
        12          0          0          0          0          0   __rtentry2.o
         6          0          0          0          0          0   __rtentry4.o
        52          8          0          0          0          0   __scatter.o
        26          0          0          0          0          0   __scatter_copy.o
        28          0          0          0          0          0   __scatter_zi.o
        16          0          0          0          0         68   aeabi_memset.o
        18          0          0          0          0         80   exit.o
         6          0          0          0          0        152   heapauxi.o
         2          0          0          0          0          0   libinit.o
         6          0          0          0          0          0   libinit2.o
         2          0          0          0          0          0   libshutdown.o
         2          0          0          0          0          0   libshutdown2.o
         8          4          0          0         96         68   libspace.o
        68          0          0          0          0         68   rt_memclr.o
        78          0          0          0          0         80   rt_memclr_w.o
       100          0          0          0          0         80   rt_memcpy_w.o
         2          0          0          0          0          0   rtexit.o
        10          0          0          0          0          0   rtexit2.o
        74          0          0          0          0         80   sys_stackheap_outer.o
         2          0          0          0          0         68   use_no_semi.o
         2          0          0          0          0         68   use_no_semi_2.o
       804         16          0          0          0        368   daddsub_clz.o
       310          8          0          0          0        228   dcmp4.o
        24          0          0          0          0        116   dcmpi.o
       688        140          0          0          0        256   ddiv.o
        94          4          0          0          0        140   dfix.o
        46          0          0          0          0        116   dflt_clz.o
       156          4          0          0          0        140   dnaninf.o
        12          0          0          0          0        116   dretinf.o
        10          0          0          0          0        116   fpinit.o
         0          0          0          0          0          0   usenofp.o
        20          0          0          0          0        124   fabs.o
       116          0          0          0          0        164   fmax.o

    ----------------------------------------------------------------------
      2816        184          0          0        100       2764   Library Totals
         8          0          0          0          4          0   (incl. Padding)

    ----------------------------------------------------------------------

      Code (inc. data)   RO Data    RW Data    ZI Data      Debug   Library Name

       528         12          0          0         96        880   c_w.l
      2144        172          0          0          0       1596   fz_wm.l
       136          0          0          0          0        288   m_wm.l

    ----------------------------------------------------------------------
      2816        184          0          0        100       2764   Library Totals

    ----------------------------------------------------------------------

==============================================================================


      Code (inc. data)   RO Data    RW Data    ZI Data      Debug   

     13376        828        460         72       2904     355172   Grand Totals
     13376        828        460         72       2904     355172   ELF Image Totals
     13376        828        460         72          0          0   ROM Totals

==============================================================================

    Total RO  Size (Code + RO Data)                13836 (  13.51kB)
    Total RW  Size (RW Data + ZI Data)              2976 (   2.91kB)
    Total ROM Size (Code + RO Data + RW Data)      13908 (  13.58kB)

==============================================================================

